file does not exist bdsp/opendata/EEG/data/S0001/cEEG/01f0de8935a73f0a65c0c8f0edb31fff19b3b53236c4d9de66b8066e496ecf05_20190821_071441/01f0de8935a73f0a65c0c8f0edb31fff19b3b53236c4d9de66b8066e496ecf05_2_20190822_071441.mat
file does not exist bdsp/opendata/EEG/data/S0001/cEEG/01f0de8935a73f0a65c0c8f0edb31fff19b3b53236c4d9de66b8066e496ecf05_20190821_071443/01f0de8935a73f0a65c0c8f0edb31fff19b3b53236c4d9de66b8066e496ecf05_1_20190821_191443.mat
file does not exist bdsp/opendata/EEG/data/S0001/cEEG/01f0de8935a73f0a65c0c8f0edb31fff19b3b53236c4d9de66b8066e496ecf05_20190821_071441/01f0de8935a73f0a65c0c8f0edb31fff19b3b53236c4d9de66b8066e496ecf05_2_20190822_071441.mat
file does not exist bdsp/opendata/EEG/data/S0001/cEEG/01f0de8935a73f0a65c0c8f0edb31fff19b3b53236c4d9de66b8066e496ecf05_20190821_071443/01f0de8935a73f0a65c0c8f0edb31fff19b3b53236c4d9de66b8066e496ecf05_1_20190821_191443.mat
file does not exist bdsp/opendata/EEG/data/S0002/EEG/01f444755843e19255212b011907e2a114533733812ef8f84e4213972ab28496_20111012_113234/01f444755843e19255212b011907e2a114533733812ef8f84e4213972ab28496_1_20111012_233234.mat
wrong startTime of file: 02536e06294919bc64765cbfa18e5de16c0742ad44cf4ddcb65a718f7e193648_20070126_134842
file does not exist bdsp/opendata/EEG/data/S0001/cEEG/0255a7d7b0a393f5236cd59901d73e9842eeb5369d7dbae80b2aea7d5ccbed0d_20201017_023033/0255a7d7b0a393f5236cd59901d73e9842eeb5369d7dbae80b2aea7d5ccbed0d_1_20201017_143033.mat
file does not exist bdsp/opendata/EEG/data/S0001/cEEG/0255a7d7b0a393f5236cd59901d73e9842eeb5369d7dbae80b2aea7d5ccbed0d_20201017_031551/0255a7d7b0a393f5236cd59901d73e9842eeb5369d7dbae80b2aea7d5ccbed0d_1_20201017_151551.mat
file does not exist bdsp/opendata/EEG/data/S0002/EMU/026b89cd41ee9ef44ca49745e222ec90117c942ff7afdb9ada6fd95c6ef4b732_20211119_070629/026b89cd41ee9ef44ca49745e222ec90117c942ff7afdb9ada6fd95c6ef4b732_3_20211120_190629.mat
file does not exist bdsp/opendata/EEG/data/S0002/EMU/027ee71356e573f51c30ebb458e311f9d740b94c0e3007265695a544258accaf_20190619_185526/027ee71356e573f51c30ebb458e311f9d740b94c0e3007265695a544258accaf_2_20190620_185526.mat
file does not exist bdsp/opendata/EEG/data/S0002/cEEG/0295833e6ddaf1da7f3fe4d60956daa7130f023cf7c994ad435639c4a959fcb4_20200428_062435/0295833e6ddaf1da7f3fe4d60956daa7130f023cf7c994ad435639c4a959fcb4_2_20200429_062435.mat
file does not exist bdsp/opendata/EEG/data/S0002/cEEG/0298fc76d05bcac5fdd37a9f43f41f04b3b923bd4831ce1974f423b053ce9cf5_20210416_005719/0298fc76d05bcac5fdd37a9f43f41f04b3b923bd4831ce1974f423b053ce9cf5_1_20210416_125719.mat
file does not exist bdsp/opendata/EEG/data/S0002/EMU/02ab61342c2de6cc7928dab34bb45084d0a9877ede7e7d7e22b32aac578b0bfc_20200913_191531/02ab61342c2de6cc7928dab34bb45084d0a9877ede7e7d7e22b32aac578b0bfc_2_20200914_191531.mat
file does not exist bdsp/opendata/EEG/data/S0001/EMU/02d318ea04c525910a05b1fde5b51c2b8a3a46b3ec2aaeefcd22056b5263c72f_20050307_174100/02d318ea04c525910a05b1fde5b51c2b8a3a46b3ec2aaeefcd22056b5263c72f_2_20050308_174100.mat
file does not exist bdsp/opendata/EEG/data/S0001/rEEG/02d318ea04c525910a05b1fde5b51c2b8a3a46b3ec2aaeefcd22056b5263c72f_20091006_002626/02d318ea04c525910a05b1fde5b51c2b8a3a46b3ec2aaeefcd22056b5263c72f_2_20091007_002626.mat
file does not exist bdsp/opendata/EEG/data/S0001/rEEG/02d318ea04c525910a05b1fde5b51c2b8a3a46b3ec2aaeefcd22056b5263c72f_20101126_191249/02d318ea04c525910a05b1fde5b51c2b8a3a46b3ec2aaeefcd22056b5263c72f_2_20101127_191249.mat
file does not exist bdsp/opendata/EEG/data/S0002/cEEG/02dd49048fa0a5581f2f17212949aebb091eb2ba52d169ce9ece6b3450cf7951_20210510_184302/02dd49048fa0a5581f2f17212949aebb091eb2ba52d169ce9ece6b3450cf7951_2_20210511_184302.mat
file does not exist bdsp/opendata/EEG/data/S0002/cEEG/02e1ff69f889f9f3be7764e4d27b7bf4171f71ead54134d38ea2af91dd6804c0_20190227_040254/02e1ff69f889f9f3be7764e4d27b7bf4171f71ead54134d38ea2af91dd6804c0_1_20190227_160254.mat
file does not exist bdsp/opendata/EEG/data/S0002/cEEG/02e9d986560f39f5ff01b5567615b251bcc8df9bad81006997e250307711bfa9_20200714_155334/02e9d986560f39f5ff01b5567615b251bcc8df9bad81006997e250307711bfa9_2_20200715_155334.mat
file does not exist bdsp/opendata/EEG/data/S0002/cEEG/02e9d986560f39f5ff01b5567615b251bcc8df9bad81006997e250307711bfa9_20200718_183423/02e9d986560f39f5ff01b5567615b251bcc8df9bad81006997e250307711bfa9_2_20200719_183423.mat
file does not exist bdsp/opendata/EEG/data/S0002/cEEG/02e9d986560f39f5ff01b5567615b251bcc8df9bad81006997e250307711bfa9_20200719_053443/02e9d986560f39f5ff01b5567615b251bcc8df9bad81006997e250307711bfa9_1_20200719_173443.mat
wrong startTime of file: 02ec6d594a417f46660b60b6a2946a936527558bbab819bfed622e6cfe9fa23f_20150603_141447
file does not exist bdsp/opendata/EEG/data/S0002/cEEG/02ed220d5f04d04046d24909779580d2b5b9d0411fe75e11f323923bed7b6e9b_20181215_073013/02ed220d5f04d04046d24909779580d2b5b9d0411fe75e11f323923bed7b6e9b_1_20181215_193013.mat
file does not exist bdsp/opendata/EEG/data/S0001/cEEG/03264e6c9bd2cbdb03edefaa04d8aa840e9c2c88a1cb9560e406f31c8c341886_20190516_072607/03264e6c9bd2cbdb03edefaa04d8aa840e9c2c88a1cb9560e406f31c8c341886_3_20190517_192607.mat
wrong startTime of file: 033bcb98e46a3a1e5efb44b616559206d5bfdf8243e7add42e86d0e460fc3a58_20050808_102908
file does not exist bdsp/opendata/EEG/data/S0002/cEEG/035554cf89611e99ab48fa30dc7da6a93937f38fa40f7dd578de550f0a906980_20210109_053057/035554cf89611e99ab48fa30dc7da6a93937f38fa40f7dd578de550f0a906980_1_20210109_173057.mat
file does not exist bdsp/opendata/EEG/data/S0002/cEEG/035554cf89611e99ab48fa30dc7da6a93937f38fa40f7dd578de550f0a906980_20210329_175043/035554cf89611e99ab48fa30dc7da6a93937f38fa40f7dd578de550f0a906980_2_20210330_175043.mat
file does not exist bdsp/opendata/EEG/data/S0002/cEEG/0355923bbec8b021e893376a6701afcc35b7c810a8958e6e0f192414345cc466_20210513_205849/0355923bbec8b021e893376a6701afcc35b7c810a8958e6e0f192414345cc466_2_20210514_205849.mat
file does not exist bdsp/opendata/EEG/data/S0002/cEEG/037475b7f1f87f3146627ad72ae9c4e8b2fbf2091803fe3209e4fe53a53a4612_20181118_114003/037475b7f1f87f3146627ad72ae9c4e8b2fbf2091803fe3209e4fe53a53a4612_2_20181119_114003.mat
file does not exist bdsp/opendata/EEG/data/S0002/cEEG/037475b7f1f87f3146627ad72ae9c4e8b2fbf2091803fe3209e4fe53a53a4612_20181122_004243/037475b7f1f87f3146627ad72ae9c4e8b2fbf2091803fe3209e4fe53a53a4612_1_20181122_124243.mat
file does not exist bdsp/opendata/EEG/data/S0002/cEEG/038cb3058e29571e5aa6f2e3b53c47794e5f5d2af2b47826a6c65eb490bafab9_20220608_222334/038cb3058e29571e5aa6f2e3b53c47794e5f5d2af2b47826a6c65eb490bafab9_2_20220609_222334.mat
file does not exist bdsp/opendata/EEG/data/S0002/EMU/039c16982b905ea1c024f4238b28ae6e492573c199a105f6b6ce52d9f6e7e384_20200814_164200/039c16982b905ea1c024f4238b28ae6e492573c199a105f6b6ce52d9f6e7e384_3_20200816_044200.mat
file does not exist bdsp/opendata/EEG/data/S0002/EMU/039c16982b905ea1c024f4238b28ae6e492573c199a105f6b6ce52d9f6e7e384_20200814_235854/039c16982b905ea1c024f4238b28ae6e492573c199a105f6b6ce52d9f6e7e384_3_20200816_115854.mat
file does not exist bdsp/opendata/EEG/data/S0002/EMU/039c16982b905ea1c024f4238b28ae6e492573c199a105f6b6ce52d9f6e7e384_20200815_002036/039c16982b905ea1c024f4238b28ae6e492573c199a105f6b6ce52d9f6e7e384_2_20200816_002036.mat
file does not exist bdsp/opendata/EEG/data/S0002/EMU/03a5774f8886606dc5565b7d4db61aa25227e753e537ed5d219d73abd43e7ae3_20190707_150758/03a5774f8886606dc5565b7d4db61aa25227e753e537ed5d219d73abd43e7ae3_2_20190708_150758.mat
file does not exist bdsp/opendata/EEG/data/S0002/EMU/03a5774f8886606dc5565b7d4db61aa25227e753e537ed5d219d73abd43e7ae3_20201109_005811/03a5774f8886606dc5565b7d4db61aa25227e753e537ed5d219d73abd43e7ae3_1_20201109_125811.mat
wrong startTime of file: 03b2551ad003c760b28abf5b85daf9964160a63105b3d7c71c4b29617000ad1d_20151124_081642
file does not exist bdsp/opendata/EEG/data/S0002/cEEG/03d0f64cebe3b2d6818e2826a70ddca75dad195d5544e163afb02bbb915edccc_20200807_043148/03d0f64cebe3b2d6818e2826a70ddca75dad195d5544e163afb02bbb915edccc_1_20200807_163148.mat
file does not exist bdsp/opendata/EEG/data/S0001/cEEG/03de20713b9709d29b5e4c8898a6ac2c6f07a44b6912a7b954c6acb6da73c977_20211227_091731/03de20713b9709d29b5e4c8898a6ac2c6f07a44b6912a7b954c6acb6da73c977_1_20211227_211731.mat
file does not exist bdsp/opendata/EEG/data/S0001/cEEG/03de20713b9709d29b5e4c8898a6ac2c6f07a44b6912a7b954c6acb6da73c977_20220107_053741/03de20713b9709d29b5e4c8898a6ac2c6f07a44b6912a7b954c6acb6da73c977_1_20220107_173741.mat
Folder does not exist bdsp/opendata/EEG/data/S0002/cEEG/03e43cf4ad5c848e4b8bc9e5c9bdcfbf3210c7637f0ceb77ce86c1f336f886c1_20181113_074623
Folder does not exist bdsp/opendata/EEG/data/S0002/cEEG/03e43cf4ad5c848e4b8bc9e5c9bdcfbf3210c7637f0ceb77ce86c1f336f886c1_20181113_172458
Folder does not exist bdsp/opendata/EEG/data/S0002/cEEG/03e43cf4ad5c848e4b8bc9e5c9bdcfbf3210c7637f0ceb77ce86c1f336f886c1_20181114_071935
Folder does not exist bdsp/opendata/EEG/data/S0002/rEEG/03e43cf4ad5c848e4b8bc9e5c9bdcfbf3210c7637f0ceb77ce86c1f336f886c1_20181120_152925
Folder does not exist bdsp/opendata/EEG/data/S0002/cEEG/03e43cf4ad5c848e4b8bc9e5c9bdcfbf3210c7637f0ceb77ce86c1f336f886c1_20181121_073400
Folder does not exist bdsp/opendata/EEG/data/S0002/cEEG/03e43cf4ad5c848e4b8bc9e5c9bdcfbf3210c7637f0ceb77ce86c1f336f886c1_20181122_055214
Folder does not exist bdsp/opendata/EEG/data/S0002/cEEG/03e43cf4ad5c848e4b8bc9e5c9bdcfbf3210c7637f0ceb77ce86c1f336f886c1_20181122_065955
Folder does not exist bdsp/opendata/EEG/data/S0002/cEEG/03e43cf4ad5c848e4b8bc9e5c9bdcfbf3210c7637f0ceb77ce86c1f336f886c1_20181122_092115
Folder does not exist bdsp/opendata/EEG/data/S0002/cEEG/03e43cf4ad5c848e4b8bc9e5c9bdcfbf3210c7637f0ceb77ce86c1f336f886c1_20181123_060414
Folder does not exist bdsp/opendata/EEG/data/S0002/cEEG/03e43cf4ad5c848e4b8bc9e5c9bdcfbf3210c7637f0ceb77ce86c1f336f886c1_20181123_091726
Folder does not exist bdsp/opendata/EEG/data/S0002/cEEG/03e43cf4ad5c848e4b8bc9e5c9bdcfbf3210c7637f0ceb77ce86c1f336f886c1_20190125_161821
Folder does not exist bdsp/opendata/EEG/data/S0002/cEEG/03e43cf4ad5c848e4b8bc9e5c9bdcfbf3210c7637f0ceb77ce86c1f336f886c1_20190126_060753
Folder does not exist bdsp/opendata/EEG/data/S0002/cEEG/03e43cf4ad5c848e4b8bc9e5c9bdcfbf3210c7637f0ceb77ce86c1f336f886c1_20190126_085943
Folder does not exist bdsp/opendata/EEG/data/S0002/cEEG/03e43cf4ad5c848e4b8bc9e5c9bdcfbf3210c7637f0ceb77ce86c1f336f886c1_20190126_151641
Folder does not exist bdsp/opendata/EEG/data/S0002/cEEG/03e43cf4ad5c848e4b8bc9e5c9bdcfbf3210c7637f0ceb77ce86c1f336f886c1_20190127_084409
Folder does not exist bdsp/opendata/EEG/data/S0002/cEEG/03e43cf4ad5c848e4b8bc9e5c9bdcfbf3210c7637f0ceb77ce86c1f336f886c1_20190314_070306
Folder does not exist bdsp/opendata/EEG/data/S0002/cEEG/03e43cf4ad5c848e4b8bc9e5c9bdcfbf3210c7637f0ceb77ce86c1f336f886c1_20190918_181438
Folder does not exist bdsp/opendata/EEG/data/S0002/cEEG/03e43cf4ad5c848e4b8bc9e5c9bdcfbf3210c7637f0ceb77ce86c1f336f886c1_20190919_055837
Folder does not exist bdsp/opendata/EEG/data/S0002/cEEG/03e43cf4ad5c848e4b8bc9e5c9bdcfbf3210c7637f0ceb77ce86c1f336f886c1_20190920_061321
Folder does not exist bdsp/opendata/EEG/data/S0002/cEEG/03e43cf4ad5c848e4b8bc9e5c9bdcfbf3210c7637f0ceb77ce86c1f336f886c1_20190921_061027
Folder does not exist bdsp/opendata/EEG/data/S0002/cEEG/03e43cf4ad5c848e4b8bc9e5c9bdcfbf3210c7637f0ceb77ce86c1f336f886c1_20191105_085047
Folder does not exist bdsp/opendata/EEG/data/S0002/cEEG/03e43cf4ad5c848e4b8bc9e5c9bdcfbf3210c7637f0ceb77ce86c1f336f886c1_20191105_121548
Folder does not exist bdsp/opendata/EEG/data/S0002/cEEG/03e43cf4ad5c848e4b8bc9e5c9bdcfbf3210c7637f0ceb77ce86c1f336f886c1_20191111_151239
Folder does not exist bdsp/opendata/EEG/data/S0002/cEEG/03e43cf4ad5c848e4b8bc9e5c9bdcfbf3210c7637f0ceb77ce86c1f336f886c1_20191112_022746
Folder does not exist bdsp/opendata/EEG/data/S0001/rEEG/03e52ce935babc88015e9d608995e17acfa13276fad22a6fb38ce3ffc156a07b_20150123_081949
Folder does not exist bdsp/opendata/EEG/data/S0001/rEEG/03e52ce935babc88015e9d608995e17acfa13276fad22a6fb38ce3ffc156a07b_20150916_081853
Folder does not exist bdsp/opendata/EEG/data/S0001/rEEG/03e52ce935babc88015e9d608995e17acfa13276fad22a6fb38ce3ffc156a07b_20181204_081033
Folder does not exist bdsp/opendata/EEG/data/S0001/rEEG/03e52ce935babc88015e9d608995e17acfa13276fad22a6fb38ce3ffc156a07b_20210611_075634
Folder does not exist bdsp/opendata/EEG/data/S0001/rEEG/03e52ce935babc88015e9d608995e17acfa13276fad22a6fb38ce3ffc156a07b_20220601_100853
Folder does not exist bdsp/opendata/EEG/data/S0002/rEEG/03e543f5aa537e75c5847130f478f65df00c63d3411cecbfc36380702744feab_20041228_182904
Folder does not exist bdsp/opendata/EEG/data/S0002/rEEG/03e543f5aa537e75c5847130f478f65df00c63d3411cecbfc36380702744feab_20060910_131854
Folder does not exist bdsp/opendata/EEG/data/S0001/cEEG/03e8c1d4a4e0f40230231b24880cd375b799847a74c3d75eb90d2d00efce815e_20200527_145716
Folder does not exist bdsp/opendata/EEG/data/S0001/cEEG/03e8c1d4a4e0f40230231b24880cd375b799847a74c3d75eb90d2d00efce815e_20200527_154524
Folder does not exist bdsp/opendata/EEG/data/S0001/cEEG/03e8c1d4a4e0f40230231b24880cd375b799847a74c3d75eb90d2d00efce815e_20200528_060037
Folder does not exist bdsp/opendata/EEG/data/S0001/cEEG/03e8c1d4a4e0f40230231b24880cd375b799847a74c3d75eb90d2d00efce815e_20200611_093452
Folder does not exist bdsp/opendata/EEG/data/S0001/cEEG/03e8c1d4a4e0f40230231b24880cd375b799847a74c3d75eb90d2d00efce815e_20200611_172205
Folder does not exist bdsp/opendata/EEG/data/S0001/cEEG/03e8c1d4a4e0f40230231b24880cd375b799847a74c3d75eb90d2d00efce815e_20200612_060019
Folder does not exist bdsp/opendata/EEG/data/S0001/cEEG/03e8c1d4a4e0f40230231b24880cd375b799847a74c3d75eb90d2d00efce815e_20200612_101158
Folder does not exist bdsp/opendata/EEG/data/S0002/cEEG/03eb58858a71c1bc23ef353180b4d6eda8d3588f8ea2e94b8001767351ffa84e_20170723_132950
Folder does not exist bdsp/opendata/EEG/data/S0002/cEEG/03eb58858a71c1bc23ef353180b4d6eda8d3588f8ea2e94b8001767351ffa84e_20170724_072821
Folder does not exist bdsp/opendata/EEG/data/S0002/EEG/03eb8d5dd535a370dd60758b1409347857894942c989a9028d084fcce709b5d7_20161014_140814
Folder does not exist bdsp/opendata/EEG/data/S0002/rEEG/03ec84e9958d9b50ac3e5445c2137a4d44d18dcccf6ec3192c8b539d8cddf888_20180629_091127
Folder does not exist bdsp/opendata/EEG/data/S0001/rEEG/03ec9677127c94dfa8cf9c26ce641d621fc666dcf11facf060ff12235161a589_20200202_065037
Folder does not exist bdsp/opendata/EEG/data/S0001/rEEG/03f08360c128b25535812417fc9ef763c7ae14c9b0b2bff2c05fb24f98899d54_20150317_122326
Folder does not exist bdsp/opendata/EEG/data/S0001/cEEG/03f08360c128b25535812417fc9ef763c7ae14c9b0b2bff2c05fb24f98899d54_20180127_145503
Folder does not exist bdsp/opendata/EEG/data/S0001/cEEG/03f08360c128b25535812417fc9ef763c7ae14c9b0b2bff2c05fb24f98899d54_20180128_074314
Folder does not exist bdsp/opendata/EEG/data/S0001/cEEG/03f08360c128b25535812417fc9ef763c7ae14c9b0b2bff2c05fb24f98899d54_20180128_163923
Folder does not exist bdsp/opendata/EEG/data/S0001/cEEG/03f08360c128b25535812417fc9ef763c7ae14c9b0b2bff2c05fb24f98899d54_20180129_075243
Folder does not exist bdsp/opendata/EEG/data/S0001/cEEG/03f08360c128b25535812417fc9ef763c7ae14c9b0b2bff2c05fb24f98899d54_20180130_075348
Folder does not exist bdsp/opendata/EEG/data/S0001/cEEG/03f08360c128b25535812417fc9ef763c7ae14c9b0b2bff2c05fb24f98899d54_20180131_074447
Folder does not exist bdsp/opendata/EEG/data/S0001/cEEG/03f08360c128b25535812417fc9ef763c7ae14c9b0b2bff2c05fb24f98899d54_20180201_102512
Folder does not exist bdsp/opendata/EEG/data/S0001/cEEG/03f08360c128b25535812417fc9ef763c7ae14c9b0b2bff2c05fb24f98899d54_20180202_003503
Folder does not exist bdsp/opendata/EEG/data/S0001/cEEG/03f08360c128b25535812417fc9ef763c7ae14c9b0b2bff2c05fb24f98899d54_20180202_153715
Folder does not exist bdsp/opendata/EEG/data/S0001/cEEG/03f08360c128b25535812417fc9ef763c7ae14c9b0b2bff2c05fb24f98899d54_20180203_081235
Folder does not exist bdsp/opendata/EEG/data/S0002/rEEG/03f171a2b7855960900715ea1f3207721fe721560a870ad1389231b966b9bb94_20111101_105723
Folder does not exist bdsp/opendata/EEG/data/S0001/cEEG/03f1d44e5eb31461054b76fab14f3209e81dad79eea35b3aaadc0ed3557c4542_20190114_105003
Folder does not exist bdsp/opendata/EEG/data/S0001/rEEG/03f1d44e5eb31461054b76fab14f3209e81dad79eea35b3aaadc0ed3557c4542_20221013_135420
Folder does not exist bdsp/opendata/EEG/data/S0001/cEEG/03f34624a33598eae6af5a9cf88f4cf42d84fde871445714e53c62b99fec5cc6_20190506_175255
Folder does not exist bdsp/opendata/EEG/data/S0001/cEEG/03f34624a33598eae6af5a9cf88f4cf42d84fde871445714e53c62b99fec5cc6_20190507_082926
Folder does not exist bdsp/opendata/EEG/data/S0001/cEEG/03f34624a33598eae6af5a9cf88f4cf42d84fde871445714e53c62b99fec5cc6_20190508_075530
Folder does not exist bdsp/opendata/EEG/data/S0001/cEEG/03f34624a33598eae6af5a9cf88f4cf42d84fde871445714e53c62b99fec5cc6_20190509_073529
Folder does not exist bdsp/opendata/EEG/data/S0001/cEEG/03f42ba91f17835d09d417e11e1e030b9578cfde6bfb4081bc5b5387d0d94de9_20210106_160629
Folder does not exist bdsp/opendata/EEG/data/S0001/cEEG/03f42ba91f17835d09d417e11e1e030b9578cfde6bfb4081bc5b5387d0d94de9_20210106_162723
Folder does not exist bdsp/opendata/EEG/data/S0001/cEEG/03f42ba91f17835d09d417e11e1e030b9578cfde6bfb4081bc5b5387d0d94de9_20210107_060042
Folder does not exist bdsp/opendata/EEG/data/S0001/cEEG/03f42ba91f17835d09d417e11e1e030b9578cfde6bfb4081bc5b5387d0d94de9_20210108_060038
Folder does not exist bdsp/opendata/EEG/data/S0001/cEEG/03f42ba91f17835d09d417e11e1e030b9578cfde6bfb4081bc5b5387d0d94de9_20210109_060045
Folder does not exist bdsp/opendata/EEG/data/S0002/rEEG/03f43098d7f0432c6b37a1bd13133418094dd489870073af769a7d5bb591c15f_20150612_113051
Folder does not exist bdsp/opendata/EEG/data/S0002/cEEG/03f43098d7f0432c6b37a1bd13133418094dd489870073af769a7d5bb591c15f_20150707_091904
Folder does not exist bdsp/opendata/EEG/data/S0002/cEEG/03f43098d7f0432c6b37a1bd13133418094dd489870073af769a7d5bb591c15f_20150707_092318
Folder does not exist bdsp/opendata/EEG/data/S0002/cEEG/03f43098d7f0432c6b37a1bd13133418094dd489870073af769a7d5bb591c15f_20150707_095449
Folder does not exist bdsp/opendata/EEG/data/S0001/rEEG/03f4522b5860c76b4a23d79a833dd3455d9e97f2696b6d3a3819ed449783f995_20161008_092357
Folder does not exist bdsp/opendata/EEG/data/S0002/rEEG/03f4df9ba0cacfa1507271e1c63382cce3bb71f1ecb0412ec59d5078cc90c336_20081115_082849
Folder does not exist bdsp/opendata/EEG/data/S0001/rEEG/03f4edc60914849bc5def92985724c4880aa468af2299eaaa687e8b8e268843c_20210813_112746
Folder does not exist bdsp/opendata/EEG/data/S0001/rEEG/03f797b4c19ec27f139a4507c7248584c243bf30cd823f169d72de6f4efeb30b_20130110_095749
Folder does not exist bdsp/opendata/EEG/data/S0001/rEEG/03f797b4c19ec27f139a4507c7248584c243bf30cd823f169d72de6f4efeb30b_20140125_102034
Folder does not exist bdsp/opendata/EEG/data/S0001/rEEG/03f7a6d597354f3c37ee7038ea0d4dd57bfa91e6bdd240d3a682b7267f988df8_20140827_140934
Folder does not exist bdsp/opendata/EEG/data/S0001/cEEG/03f88931e2fcbd714470e5a865e7c85eb8c0deeccd10649b9543ed642daf8a66_20160426_154825
Folder does not exist bdsp/opendata/EEG/data/S0001/cEEG/03f88931e2fcbd714470e5a865e7c85eb8c0deeccd10649b9543ed642daf8a66_20160426_162356
Folder does not exist bdsp/opendata/EEG/data/S0001/cEEG/03f88931e2fcbd714470e5a865e7c85eb8c0deeccd10649b9543ed642daf8a66_20160428_082054
Folder does not exist bdsp/opendata/EEG/data/S0001/cEEG/03f8b11d17722783e046e8821f37b865b86ef584a8068c76200d7a663fccf2d4_20190314_104137
Folder does not exist bdsp/opendata/EEG/data/S0001/cEEG/03f8b11d17722783e046e8821f37b865b86ef584a8068c76200d7a663fccf2d4_20190315_060029
Folder does not exist bdsp/opendata/EEG/data/S0001/cEEG/03f8b11d17722783e046e8821f37b865b86ef584a8068c76200d7a663fccf2d4_20190316_060038
Folder does not exist bdsp/opendata/EEG/data/S0001/cEEG/03f8b11d17722783e046e8821f37b865b86ef584a8068c76200d7a663fccf2d4_20190318_060039
Folder does not exist bdsp/opendata/EEG/data/S0001/cEEG/03f8b11d17722783e046e8821f37b865b86ef584a8068c76200d7a663fccf2d4_20190319_060027
Folder does not exist bdsp/opendata/EEG/data/S0001/cEEG/03f8b11d17722783e046e8821f37b865b86ef584a8068c76200d7a663fccf2d4_20190320_060030
Folder does not exist bdsp/opendata/EEG/data/S0001/cEEG/03f8b11d17722783e046e8821f37b865b86ef584a8068c76200d7a663fccf2d4_20190320_150754
Folder does not exist bdsp/opendata/EEG/data/S0001/cEEG/03f8b11d17722783e046e8821f37b865b86ef584a8068c76200d7a663fccf2d4_20190321_060036
Folder does not exist bdsp/opendata/EEG/data/S0001/cEEG/03f8b11d17722783e046e8821f37b865b86ef584a8068c76200d7a663fccf2d4_20190322_060043
Folder does not exist bdsp/opendata/EEG/data/S0001/cEEG/03f8b11d17722783e046e8821f37b865b86ef584a8068c76200d7a663fccf2d4_20190323_060029
Folder does not exist bdsp/opendata/EEG/data/S0001/cEEG/03f8b11d17722783e046e8821f37b865b86ef584a8068c76200d7a663fccf2d4_20190324_154108
Folder does not exist bdsp/opendata/EEG/data/S0001/cEEG/03f8b11d17722783e046e8821f37b865b86ef584a8068c76200d7a663fccf2d4_20190324_160501
Folder does not exist bdsp/opendata/EEG/data/S0001/cEEG/03f8b11d17722783e046e8821f37b865b86ef584a8068c76200d7a663fccf2d4_20190325_060031
Folder does not exist bdsp/opendata/EEG/data/S0001/cEEG/03f8b11d17722783e046e8821f37b865b86ef584a8068c76200d7a663fccf2d4_20190405_112030
Folder does not exist bdsp/opendata/EEG/data/S0001/cEEG/03f8b11d17722783e046e8821f37b865b86ef584a8068c76200d7a663fccf2d4_20190406_060059
Folder does not exist bdsp/opendata/EEG/data/S0001/rEEG/03f9f45f2842a84419df6e67aa602e66cacec17602e70abd6cb71760d2a7dfb9_20130225_120012
Folder does not exist bdsp/opendata/EEG/data/S0001/cEEG/03f9f45f2842a84419df6e67aa602e66cacec17602e70abd6cb71760d2a7dfb9_20130227_100634
Folder does not exist bdsp/opendata/EEG/data/S0001/cEEG/03f9f45f2842a84419df6e67aa602e66cacec17602e70abd6cb71760d2a7dfb9_20130227_172447
Folder does not exist bdsp/opendata/EEG/data/S0001/cEEG/03f9f45f2842a84419df6e67aa602e66cacec17602e70abd6cb71760d2a7dfb9_20130228_081528
Folder does not exist bdsp/opendata/EEG/data/S0001/cEEG/03f9f45f2842a84419df6e67aa602e66cacec17602e70abd6cb71760d2a7dfb9_20130306_170432
Folder does not exist bdsp/opendata/EEG/data/S0001/cEEG/03f9f45f2842a84419df6e67aa602e66cacec17602e70abd6cb71760d2a7dfb9_20130306_175627
Folder does not exist bdsp/opendata/EEG/data/S0001/cEEG/03f9f45f2842a84419df6e67aa602e66cacec17602e70abd6cb71760d2a7dfb9_20130307_085410
Folder does not exist bdsp/opendata/EEG/data/S0001/rEEG/03f9fb618804451c1034122462e89645af21d5d319eccca0d4150380d67d0dde_20170413_102522
Folder does not exist bdsp/opendata/EEG/data/S0001/cEEG/03f9fb618804451c1034122462e89645af21d5d319eccca0d4150380d67d0dde_20170414_072054
Folder does not exist bdsp/opendata/EEG/data/S0002/cEEG/03fa22485d8ed56c640f237a528c622cc3f56575f4b88231572423653c355dd5_20061008_152005
Folder does not exist bdsp/opendata/EEG/data/S0002/cEEG/03fa22485d8ed56c640f237a528c622cc3f56575f4b88231572423653c355dd5_20061018_125355
Folder does not exist bdsp/opendata/EEG/data/S0002/rEEG/040315b15e02458bc513df68cc26b8abe2fd7409730b5b59421cf21e2687487f_20190708_161153
Folder does not exist bdsp/opendata/EEG/data/S0001/cEEG/040522800291b3c3d76cb6dbe074b98eeed500103dd6a5fa2d61c0a494e699e1_20200427_095904
Folder does not exist bdsp/opendata/EEG/data/S0001/cEEG/0406d057087dc89de1f57b8a2b2b34bfdb818970306641c3f8987cca35870244_20170619_105502
Folder does not exist bdsp/opendata/EEG/data/S0001/cEEG/0406d057087dc89de1f57b8a2b2b34bfdb818970306641c3f8987cca35870244_20170727_143641
Folder does not exist bdsp/opendata/EEG/data/S0002/cEEG/0406e243543db794b1b54f2776754006f2254875a1a6c14020a6dadb3cafbef1_20160623_095148
Folder does not exist bdsp/opendata/EEG/data/S0002/cEEG/04082583b62d8c2178686097b2e5b4dc81678fd3e667470da60f00c90bb740d5_20210411_162606
Folder does not exist bdsp/opendata/EEG/data/S0002/cEEG/04082583b62d8c2178686097b2e5b4dc81678fd3e667470da60f00c90bb740d5_20210412_070021
Folder does not exist bdsp/opendata/EEG/data/S0002/cEEG/04082583b62d8c2178686097b2e5b4dc81678fd3e667470da60f00c90bb740d5_20210413_070021
Folder does not exist bdsp/opendata/EEG/data/S0002/cEEG/04082583b62d8c2178686097b2e5b4dc81678fd3e667470da60f00c90bb740d5_20210416_054831
Folder does not exist bdsp/opendata/EEG/data/S0002/cEEG/04082583b62d8c2178686097b2e5b4dc81678fd3e667470da60f00c90bb740d5_20210416_145530
Folder does not exist bdsp/opendata/EEG/data/S0001/rEEG/0408aebecfb90d44a4298ec2b579a530c694707b9b37c1168cdad933ab57b450_20221013_121256
Folder does not exist bdsp/opendata/EEG/data/S0002/rEEG/040a82665bb65d0cbabb06960cf91da7136f5641509aadecfe81489378c3a18c_20040319_091244
Folder does not exist bdsp/opendata/EEG/data/S0001/cEEG/040a82665bb65d0cbabb06960cf91da7136f5641509aadecfe81489378c3a18c_20181008_094833
Folder does not exist bdsp/opendata/EEG/data/S0001/rEEG/040e95c03ffe66c41108b06b1a052313a1c711918b709083131d36ea16ab83b6_20180930_082236
Folder does not exist bdsp/opendata/EEG/data/S0001/cEEG/040e95c03ffe66c41108b06b1a052313a1c711918b709083131d36ea16ab83b6_20180930_091934
Folder does not exist bdsp/opendata/EEG/data/S0001/rEEG/040e95c03ffe66c41108b06b1a052313a1c711918b709083131d36ea16ab83b6_20190301_130518
Folder does not exist bdsp/opendata/EEG/data/S0001/cEEG/040e95c03ffe66c41108b06b1a052313a1c711918b709083131d36ea16ab83b6_20190304_053609
Folder does not exist bdsp/opendata/EEG/data/S0001/rEEG/040ed71378525be25e0b88c4c18078925a2f74a3d90d2fce224dd4e8c105e412_20121030_120500
Folder does not exist bdsp/opendata/EEG/data/S0001/rEEG/04100b29f2ff1aa82fc4a75e5bacc2f544137ce18b7880cb49352d5e26fd86f1_20190314_115800
Folder does not exist bdsp/opendata/EEG/data/S0002/rEEG/04113ae08c6bbcd7002285230e9f810aa8755dec88e8375eb269abb7907adb7f_20050208_152837
Folder does not exist bdsp/opendata/EEG/data/S0002/rEEG/04113ae08c6bbcd7002285230e9f810aa8755dec88e8375eb269abb7907adb7f_20050213_102608
Folder does not exist bdsp/opendata/EEG/data/S0001/rEEG/04130827f55c0df29b66805e5d4ba65a9415b324358c9ea40f8e9754615eb50a_20110816_152159
Folder does not exist bdsp/opendata/EEG/data/S0001/rEEG/04141f808aaa1c141adb29f1a18d05e7c2f42ea89a8dbe557429555a7b428ff4_20221018_121556
Folder does not exist bdsp/opendata/EEG/data/S0002/cEEG/0419696e5c910046bad1c3948fa3a9542ad2a53eaa39be45b4226de62907958d_20170405_090531
Folder does not exist bdsp/opendata/EEG/data/S0002/cEEG/0419696e5c910046bad1c3948fa3a9542ad2a53eaa39be45b4226de62907958d_20170406_081105
Folder does not exist bdsp/opendata/EEG/data/S0002/cEEG/0419696e5c910046bad1c3948fa3a9542ad2a53eaa39be45b4226de62907958d_20170420_041948
Folder does not exist bdsp/opendata/EEG/data/S0001/rEEG/0419696e5c910046bad1c3948fa3a9542ad2a53eaa39be45b4226de62907958d_20181216_100213
Folder does not exist bdsp/opendata/EEG/data/S0001/rEEG/0419696e5c910046bad1c3948fa3a9542ad2a53eaa39be45b4226de62907958d_20210710_115223
Folder does not exist bdsp/opendata/EEG/data/S0002/cEEG/041a92403c8c6f176f0983bd7af4348d2b01d5c259b44ecd3d787d1fa4b9c585_20130709_065104
Folder does not exist bdsp/opendata/EEG/data/S0002/EMU/041adeea672595986037c38eff59b5aeba976517d49d45986203471154f47e5f_20220222_082232
Folder does not exist bdsp/opendata/EEG/data/S0002/EMU/041adeea672595986037c38eff59b5aeba976517d49d45986203471154f47e5f_20220223_070819
Folder does not exist bdsp/opendata/EEG/data/S0001/rEEG/041c086daf649cb4d6b2ddc8697a53230694bb4cec95ba802aa0ce9c1b79e248_20151027_141559
Folder does not exist bdsp/opendata/EEG/data/S0001/rEEG/041c086daf649cb4d6b2ddc8697a53230694bb4cec95ba802aa0ce9c1b79e248_20151206_122929
Folder does not exist bdsp/opendata/EEG/data/S0001/rEEG/041e12b2e4ca2e34c357243ed440f8aca66f06ae0867e623a7bb8851acaadf80_20231118_084810
Folder does not exist bdsp/opendata/EEG/data/S0001/rEEG/0420335c76a6857f68d09126c5d1816f10cd8240fc96c4bfe989f4c05ba2cf8f_20150731_083510
Folder does not exist bdsp/opendata/EEG/data/S0002/rEEG/04205da897ab71ef6cd88c91fee715129bf4548e4747011d3769b4a22c43673d_20160517_083751
Folder does not exist bdsp/opendata/EEG/data/S0002/rEEG/0420bd5c899e7ed751cd7bf70e2f9c85a8999ce5001097323640050c606aec3a_20061028_164825
Folder does not exist bdsp/opendata/EEG/data/S0002/rEEG/0421834941af60b609aa20d3bf1a5e370dbb3166f36d7fe36a1ef912980515ae_20070421_105814
Folder does not exist bdsp/opendata/EEG/data/S0001/rEEG/0423fc04d2a35a7831f36cf60a326623161bc2bc6f169e02687c6f51e5026bdf_20120224_130021
Folder does not exist bdsp/opendata/EEG/data/S0001/rEEG/0423fc04d2a35a7831f36cf60a326623161bc2bc6f169e02687c6f51e5026bdf_20200528_115458
Folder does not exist bdsp/opendata/EEG/data/S0001/cEEG/04255a24ff47e5f23f83173dbcc550160ea44d2ad3c96e613a632e92e09907dc_20150817_215425
Folder does not exist bdsp/opendata/EEG/data/S0001/cEEG/04255a24ff47e5f23f83173dbcc550160ea44d2ad3c96e613a632e92e09907dc_20150818_073540
Folder does not exist bdsp/opendata/EEG/data/S0001/cEEG/04255a24ff47e5f23f83173dbcc550160ea44d2ad3c96e613a632e92e09907dc_20150818_082000
Folder does not exist bdsp/opendata/EEG/data/S0001/rEEG/042a5a9f8827c900843a4474267a14e0c5b28a203b8ce71641ef68254ebef1af_20140222_124610
Folder does not exist bdsp/opendata/EEG/data/S0002/rEEG/042ad7d9db04212bd3dad9a4dbd76c597f1b7ab1571c1f7753320665ef8f27ef_20100213_095000
Folder does not exist bdsp/opendata/EEG/data/S0001/rEEG/042d8bab67e58ebe6e016f9147bf5f53e97f74fd51ec2aa439040a3626e728bc_20171231_124451
Folder does not exist bdsp/opendata/EEG/data/S0001/cEEG/042d8bab67e58ebe6e016f9147bf5f53e97f74fd51ec2aa439040a3626e728bc_20180107_160343
Folder does not exist bdsp/opendata/EEG/data/S0001/rEEG/042d8bab67e58ebe6e016f9147bf5f53e97f74fd51ec2aa439040a3626e728bc_20230528_064829
Folder does not exist bdsp/opendata/EEG/data/S0002/rEEG/0430031cfbf53bd79279c0f59b6b72d53acc7a65eb381b2b6b532cfba2ee94c5_20070511_164851
Folder does not exist bdsp/opendata/EEG/data/S0002/rEEG/0430031cfbf53bd79279c0f59b6b72d53acc7a65eb381b2b6b532cfba2ee94c5_20120519_141842
Folder does not exist bdsp/opendata/EEG/data/S0001/cEEG/0430ef72ddabe339bd4323d844b081e4db24c8e61c4dee05b7c836728f4cfc90_20190829_085826
Folder does not exist bdsp/opendata/EEG/data/S0001/cEEG/0430ef72ddabe339bd4323d844b081e4db24c8e61c4dee05b7c836728f4cfc90_20190831_060033
Folder does not exist bdsp/opendata/EEG/data/S0001/cEEG/0431e36079d930fcb4857b4e137d781efdc50238c686c4e0cb9f3ce7b00d10f2_20170923_170009
Folder does not exist bdsp/opendata/EEG/data/S0001/cEEG/0431e36079d930fcb4857b4e137d781efdc50238c686c4e0cb9f3ce7b00d10f2_20170923_173113
Folder does not exist bdsp/opendata/EEG/data/S0001/cEEG/0431e36079d930fcb4857b4e137d781efdc50238c686c4e0cb9f3ce7b00d10f2_20170924_081808
Folder does not exist bdsp/opendata/EEG/data/S0002/cEEG/043200b14c73c91a519f5c546682649246fa487e85888c542354b26b294d1d8c_20190119_162325
Folder does not exist bdsp/opendata/EEG/data/S0002/rEEG/0432f67aac249225d6d4837105b0917c551caf3c4295aeecd4e388ef716a7e52_20121215_115915
Folder does not exist bdsp/opendata/EEG/data/S0002/rEEG/0432f67aac249225d6d4837105b0917c551caf3c4295aeecd4e388ef716a7e52_20140519_145836
Folder does not exist bdsp/opendata/EEG/data/S0002/rEEG/0433bb54d4acb73f007ea2fa248a3a7627b4d01d4ee923254de7b9afa6de609f_20061225_140637
Folder does not exist bdsp/opendata/EEG/data/S0001/rEEG/04355045821eac2d5c58d5eeaa3aa577faa1d6a6b686fcceefb8a0e4b515e481_20110107_101109
Folder does not exist bdsp/opendata/EEG/data/S0001/rEEG/0436abe60d9db3c942e99b2efd1b6d4c021595cd2cd893470852475956e92d75_20170522_115043
Folder does not exist bdsp/opendata/EEG/data/S0001/rEEG/0438b54efe7a3c572042486fc7cd07222a0cac6f6fbfcd0b85f1e80738ba3caa_20120321_081812
Folder does not exist bdsp/opendata/EEG/data/S0001/rEEG/043a75ff22ede61ef627ed289b4f3097dee2fb10b0a6da0491633e6a09d5a55a_20220512_073859
Folder does not exist bdsp/opendata/EEG/data/S0001/rEEG/043a75ff22ede61ef627ed289b4f3097dee2fb10b0a6da0491633e6a09d5a55a_20230418_074634
Folder does not exist bdsp/opendata/EEG/data/S0001/rEEG/043bf43ebf3330aacbf29f1ff229fdc12f765e45c0a615a79aa96c0158853a96_20220515_075353
Folder does not exist bdsp/opendata/EEG/data/S0002/rEEG/043c83f77fda0e52bba1c92ca78b00a1e5b18aa3cffebf8ab88f8fc863e4d6a9_20201127_105809
Folder does not exist bdsp/opendata/EEG/data/S0002/rEEG/043c83f77fda0e52bba1c92ca78b00a1e5b18aa3cffebf8ab88f8fc863e4d6a9_20201207_151543
Folder does not exist bdsp/opendata/EEG/data/S0001/rEEG/043cad9145146e9609f6efb2e08e650c7e6c29fa08b0c338548b140bd623194a_20210302_094034
Folder does not exist bdsp/opendata/EEG/data/S0001/rEEG/043ceb480f8c916f664f59ac9b17392f5adf3650588870007a487876f1e99cb1_20140306_161429
Folder does not exist bdsp/opendata/EEG/data/S0001/cEEG/043e5a7263c737f7e69798676c5a143cfa0494e18f016a337f62dab2d5257118_20200809_152214
Folder does not exist bdsp/opendata/EEG/data/S0001/cEEG/043e5a7263c737f7e69798676c5a143cfa0494e18f016a337f62dab2d5257118_20200812_120154
Folder does not exist bdsp/opendata/EEG/data/S0001/cEEG/043e5a7263c737f7e69798676c5a143cfa0494e18f016a337f62dab2d5257118_20200812_125011
Folder does not exist bdsp/opendata/EEG/data/S0001/cEEG/043e5a7263c737f7e69798676c5a143cfa0494e18f016a337f62dab2d5257118_20200813_060036
Folder does not exist bdsp/opendata/EEG/data/S0001/cEEG/043e5a7263c737f7e69798676c5a143cfa0494e18f016a337f62dab2d5257118_20200814_060036
Folder does not exist bdsp/opendata/EEG/data/S0001/cEEG/043e5a7263c737f7e69798676c5a143cfa0494e18f016a337f62dab2d5257118_20200815_060028
Folder does not exist bdsp/opendata/EEG/data/S0001/cEEG/043e5a7263c737f7e69798676c5a143cfa0494e18f016a337f62dab2d5257118_20200816_082506
Folder does not exist bdsp/opendata/EEG/data/S0001/cEEG/043e5a7263c737f7e69798676c5a143cfa0494e18f016a337f62dab2d5257118_20200817_060038
Folder does not exist bdsp/opendata/EEG/data/S0001/cEEG/043e5a7263c737f7e69798676c5a143cfa0494e18f016a337f62dab2d5257118_20200818_060043
Folder does not exist bdsp/opendata/EEG/data/S0001/cEEG/043e5a7263c737f7e69798676c5a143cfa0494e18f016a337f62dab2d5257118_20200819_060037
Folder does not exist bdsp/opendata/EEG/data/S0001/cEEG/043e5a7263c737f7e69798676c5a143cfa0494e18f016a337f62dab2d5257118_20200821_060034
Folder does not exist bdsp/opendata/EEG/data/S0001/cEEG/043e5a7263c737f7e69798676c5a143cfa0494e18f016a337f62dab2d5257118_20200822_112654
Folder does not exist bdsp/opendata/EEG/data/S0001/cEEG/043e5a7263c737f7e69798676c5a143cfa0494e18f016a337f62dab2d5257118_20200823_060037
Folder does not exist bdsp/opendata/EEG/data/S0001/cEEG/044012d424f77919a966e301c2ba7ff8a22827452e425ac6d5ca1c6fe75acad1_20170922_005216
Folder does not exist bdsp/opendata/EEG/data/S0001/cEEG/044012d424f77919a966e301c2ba7ff8a22827452e425ac6d5ca1c6fe75acad1_20170922_015338
Folder does not exist bdsp/opendata/EEG/data/S0001/cEEG/044012d424f77919a966e301c2ba7ff8a22827452e425ac6d5ca1c6fe75acad1_20170922_050404
Folder does not exist bdsp/opendata/EEG/data/S0001/cEEG/044012d424f77919a966e301c2ba7ff8a22827452e425ac6d5ca1c6fe75acad1_20170923_040748
Folder does not exist bdsp/opendata/EEG/data/S0001/cEEG/044012d424f77919a966e301c2ba7ff8a22827452e425ac6d5ca1c6fe75acad1_20171005_145853
Folder does not exist bdsp/opendata/EEG/data/S0001/cEEG/044012d424f77919a966e301c2ba7ff8a22827452e425ac6d5ca1c6fe75acad1_20171005_160032
Folder does not exist bdsp/opendata/EEG/data/S0001/cEEG/044012d424f77919a966e301c2ba7ff8a22827452e425ac6d5ca1c6fe75acad1_20171006_040525
Folder does not exist bdsp/opendata/EEG/data/S0001/cEEG/044012d424f77919a966e301c2ba7ff8a22827452e425ac6d5ca1c6fe75acad1_20171007_044054
Folder does not exist bdsp/opendata/EEG/data/S0001/rEEG/044012d424f77919a966e301c2ba7ff8a22827452e425ac6d5ca1c6fe75acad1_20171102_091825
Folder does not exist bdsp/opendata/EEG/data/S0002/rEEG/044033c37667516b0de0fb943a48ed435feafbf2478c6e17b06ebac419200a5d_20221124_164152
Folder does not exist bdsp/opendata/EEG/data/S0002/cEEG/044033c37667516b0de0fb943a48ed435feafbf2478c6e17b06ebac419200a5d_20221124_175522
Folder does not exist bdsp/opendata/EEG/data/S0002/cEEG/044033c37667516b0de0fb943a48ed435feafbf2478c6e17b06ebac419200a5d_20221125_070023
Folder does not exist bdsp/opendata/EEG/data/S0001/rEEG/044070efab0001af8364f392a7e5959285b600f46cdf0a5a752f028d2205e770_20120103_115033
Folder does not exist bdsp/opendata/EEG/data/S0002/EEG/044296ea86ba163ccf0a537acfb146ff0d4cf21d8cb0d6bc895c6937fe72ec03_20130823_183935
Folder does not exist bdsp/opendata/EEG/data/S0001/rEEG/0443d832e8206d7b72901a1b62fa4802c343bb9f85fd45afb8147f6c5348be1e_20120220_075851
Folder does not exist bdsp/opendata/EEG/data/S0001/rEEG/04479bdebdec811cbd3a52e92ca2a560f5f5082602723f9e552bdbaa675e86d2_20120628_112754
Folder does not exist bdsp/opendata/EEG/data/S0001/rEEG/04479bdebdec811cbd3a52e92ca2a560f5f5082602723f9e552bdbaa675e86d2_20150910_150451
Folder does not exist bdsp/opendata/EEG/data/S0001/rEEG/04479bdebdec811cbd3a52e92ca2a560f5f5082602723f9e552bdbaa675e86d2_20200213_155038
Folder does not exist bdsp/opendata/EEG/data/S0001/rEEG/0448714de3be58891b36fb674bb5e6240832d720241c0e063c640bc3484b1a67_20200328_101101
Folder does not exist bdsp/opendata/EEG/data/S0001/rEEG/0448714de3be58891b36fb674bb5e6240832d720241c0e063c640bc3484b1a67_20200524_100923
Folder does not exist bdsp/opendata/EEG/data/S0001/cEEG/0448c6c1894272b8b8237d994f6659f9cc452b3738be94815a145f167eac6249_20200610_084749
Folder does not exist bdsp/opendata/EEG/data/S0001/cEEG/0448c6c1894272b8b8237d994f6659f9cc452b3738be94815a145f167eac6249_20200611_060038
Folder does not exist bdsp/opendata/EEG/data/S0002/rEEG/044a20ada70cce0483ec786409230514aac1175dc43f8ecbfb9bb20a6a4b3bc7_20060718_093956
Folder does not exist bdsp/opendata/EEG/data/S0002/EEG/044ae42ae891204a33d7947796319bedb5ffb348b61e042f9a9d1b696921ca80_20180602_144427
Folder does not exist bdsp/opendata/EEG/data/S0001/cEEG/044b195e68f4bb130fcca2fed95d7f22dafc8a847bcab752c0ec8cc4f6749f59_20111215_150611
Folder does not exist bdsp/opendata/EEG/data/S0002/rEEG/044c03c9fdccce4682a2c3c06e43b8fa77578255560849eec042d10e48f10a14_20140217_093859
Folder does not exist bdsp/opendata/EEG/data/S0002/rEEG/044c81263de2c3b96f2373d4e938c8939b91dd0b63b3a90716cbf67c49fc8344_20031106_095809
Folder does not exist bdsp/opendata/EEG/data/S0002/rEEG/044ce64bde790715754ae18540a46a50d33aed4981ee09764dd123fb5ee2ceb2_20220716_122123
Folder does not exist bdsp/opendata/EEG/data/S0002/rEEG/044e3bcec2b2eb0884f0fe1ec0e0f25a797cc045fd47c6aaf4cce9ac0a034cd6_20050703_091442
Folder does not exist bdsp/opendata/EEG/data/S0002/rEEG/044f7cc63435ee8987c0706a170ef50bb01974ee4b4358553231326fa225a172_20210628_085419
Folder does not exist bdsp/opendata/EEG/data/S0002/EEG/04502062331e686bcb00c76c480d5d0f569129460bd886268976c61420e4064b_20180217_141847
Folder does not exist bdsp/opendata/EEG/data/S0001/cEEG/0452b07bbaac8e6902ec4e0bf33927bb80f60c3fcd28b135a1a8f42594188f8f_20160505_124855
Folder does not exist bdsp/opendata/EEG/data/S0001/cEEG/0452b07bbaac8e6902ec4e0bf33927bb80f60c3fcd28b135a1a8f42594188f8f_20160506_082651
Folder does not exist bdsp/opendata/EEG/data/S0001/cEEG/0452b07bbaac8e6902ec4e0bf33927bb80f60c3fcd28b135a1a8f42594188f8f_20160507_080613
Folder does not exist bdsp/opendata/EEG/data/S0001/cEEG/0452b07bbaac8e6902ec4e0bf33927bb80f60c3fcd28b135a1a8f42594188f8f_20160508_080001
Folder does not exist bdsp/opendata/EEG/data/S0001/cEEG/0452b07bbaac8e6902ec4e0bf33927bb80f60c3fcd28b135a1a8f42594188f8f_20160510_080720
Folder does not exist bdsp/opendata/EEG/data/S0001/cEEG/0452b07bbaac8e6902ec4e0bf33927bb80f60c3fcd28b135a1a8f42594188f8f_20160511_081135
Folder does not exist bdsp/opendata/EEG/data/S0001/cEEG/0452b07bbaac8e6902ec4e0bf33927bb80f60c3fcd28b135a1a8f42594188f8f_20160511_204806
Folder does not exist bdsp/opendata/EEG/data/S0001/cEEG/0452b07bbaac8e6902ec4e0bf33927bb80f60c3fcd28b135a1a8f42594188f8f_20160512_081426
Folder does not exist bdsp/opendata/EEG/data/S0001/cEEG/0452b07bbaac8e6902ec4e0bf33927bb80f60c3fcd28b135a1a8f42594188f8f_20160513_080841
Folder does not exist bdsp/opendata/EEG/data/S0001/cEEG/0452b07bbaac8e6902ec4e0bf33927bb80f60c3fcd28b135a1a8f42594188f8f_20160515_083120
Folder does not exist bdsp/opendata/EEG/data/S0001/cEEG/0452b07bbaac8e6902ec4e0bf33927bb80f60c3fcd28b135a1a8f42594188f8f_20160517_172506
Folder does not exist bdsp/opendata/EEG/data/S0001/cEEG/0452b07bbaac8e6902ec4e0bf33927bb80f60c3fcd28b135a1a8f42594188f8f_20160517_221954
Folder does not exist bdsp/opendata/EEG/data/S0001/cEEG/0452b07bbaac8e6902ec4e0bf33927bb80f60c3fcd28b135a1a8f42594188f8f_20160518_082342
Folder does not exist bdsp/opendata/EEG/data/S0001/rEEG/0453a7d57f99bffa8efb18b68c4620328b1fc70baa92e74ddf393c5445838240_20170922_154521
Folder does not exist bdsp/opendata/EEG/data/S0001/cEEG/0453a7d57f99bffa8efb18b68c4620328b1fc70baa92e74ddf393c5445838240_20170923_135742
Folder does not exist bdsp/opendata/EEG/data/S0001/rEEG/0453a7d57f99bffa8efb18b68c4620328b1fc70baa92e74ddf393c5445838240_20171015_113255
Folder does not exist bdsp/opendata/EEG/data/S0002/rEEG/0453b601f65891aa434fa607c46f75cb89cdce60e23a8e0c23b90dc6eddfcb6d_20100823_101300
Folder does not exist bdsp/opendata/EEG/data/S0002/cEEG/0456d9a68882ea70e3007ac94327d7eb976467e606c9361620ebd99122519477_20210328_105001
Folder does not exist bdsp/opendata/EEG/data/S0002/cEEG/0456d9a68882ea70e3007ac94327d7eb976467e606c9361620ebd99122519477_20210329_070023
Folder does not exist bdsp/opendata/EEG/data/S0001/cEEG/0458bca47d949a6605d14ea7aa222db4fb6d5e7c7f48c7c655c629328bebc19d_20170222_141954
Folder does not exist bdsp/opendata/EEG/data/S0001/cEEG/0458bca47d949a6605d14ea7aa222db4fb6d5e7c7f48c7c655c629328bebc19d_20170222_150452
Folder does not exist bdsp/opendata/EEG/data/S0001/cEEG/0458bca47d949a6605d14ea7aa222db4fb6d5e7c7f48c7c655c629328bebc19d_20170226_094556
Folder does not exist bdsp/opendata/EEG/data/S0001/cEEG/045e4cf86774040a19f2af0072cb64f865f97de00419c6fa6fdd0bd656edf2ca_20151007_195916
Folder does not exist bdsp/opendata/EEG/data/S0001/cEEG/045e4cf86774040a19f2af0072cb64f865f97de00419c6fa6fdd0bd656edf2ca_20151009_090300
Folder does not exist bdsp/opendata/EEG/data/S0001/cEEG/045e4cf86774040a19f2af0072cb64f865f97de00419c6fa6fdd0bd656edf2ca_20151010_084846
Folder does not exist bdsp/opendata/EEG/data/S0002/cEEG/045f4cc9b41faef702900687fc7e0c6fa3c387a903d2823559f773ad9a6f2ddf_20180815_072253
Folder does not exist bdsp/opendata/EEG/data/S0002/cEEG/045f4cc9b41faef702900687fc7e0c6fa3c387a903d2823559f773ad9a6f2ddf_20180816_070253
Folder does not exist bdsp/opendata/EEG/data/S0002/cEEG/045f4cc9b41faef702900687fc7e0c6fa3c387a903d2823559f773ad9a6f2ddf_20180817_065920
Folder does not exist bdsp/opendata/EEG/data/S0002/rEEG/0461186665841fa2dd263f743f4d892757d232aafcfb974d1b9cfedd31b7ce0f_20191211_175503
Folder does not exist bdsp/opendata/EEG/data/S0001/rEEG/0462e81b43222ada168705e904e1814fba28bb37b023dcc7199d65587c94c372_20190414_104938
Folder does not exist bdsp/opendata/EEG/data/S0001/cEEG/0462e81b43222ada168705e904e1814fba28bb37b023dcc7199d65587c94c372_20190415_000237
Folder does not exist bdsp/opendata/EEG/data/S0001/cEEG/046368a3d72796acfa4142f59c4df5539ab606d0857cd43019919ee1e5183d69_20120307_100304
Folder does not exist bdsp/opendata/EEG/data/S0001/cEEG/046368a3d72796acfa4142f59c4df5539ab606d0857cd43019919ee1e5183d69_20120308_122813
Folder does not exist bdsp/opendata/EEG/data/S0001/cEEG/046368a3d72796acfa4142f59c4df5539ab606d0857cd43019919ee1e5183d69_20120310_084327
Folder does not exist bdsp/opendata/EEG/data/S0001/rEEG/046368a3d72796acfa4142f59c4df5539ab606d0857cd43019919ee1e5183d69_20120429_121413
Folder does not exist bdsp/opendata/EEG/data/S0001/rEEG/04652506e092a92dff7898479ec905fa71d9652d13cc72d8cef611f96a333e96_20140810_143645
Folder does not exist bdsp/opendata/EEG/data/S0001/cEEG/0465b227fdaa928e7d88b8d35dc202d0bb6e6d6dd325ca676f611cf588dee70d_20150817_101510
Folder does not exist bdsp/opendata/EEG/data/S0001/cEEG/0465b227fdaa928e7d88b8d35dc202d0bb6e6d6dd325ca676f611cf588dee70d_20150817_110658
Folder does not exist bdsp/opendata/EEG/data/S0001/rEEG/0465b227fdaa928e7d88b8d35dc202d0bb6e6d6dd325ca676f611cf588dee70d_20150923_090757
Folder does not exist bdsp/opendata/EEG/data/S0001/cEEG/04666667e19885ca3bcd8bd40c06490fa16e075af781c44cc7fb9397ab8f6c0f_20190705_040608
Folder does not exist bdsp/opendata/EEG/data/S0002/rEEG/046734abe6bce35854669d1638b7f3e5fe5bc2abd77a7351d5ffa0466c725b31_20160917_093910
Folder does not exist bdsp/opendata/EEG/data/S0001/rEEG/046a88493ba2477e9503157e42c077368a65ee7fc65d3e0fe8c7e9bef57a5489_20181115_214124
Folder does not exist bdsp/opendata/EEG/data/S0001/rEEG/046b0a3d24c9a898fd21fee0eb390df5ad32287718636e52ec8105c0b3eaf78f_20110325_121423
Folder does not exist bdsp/opendata/EEG/data/S0001/cEEG/046b0a3d24c9a898fd21fee0eb390df5ad32287718636e52ec8105c0b3eaf78f_20110628_063553
Folder does not exist bdsp/opendata/EEG/data/S0002/cEEG/046c2c1316c99f5070cd0ac6c3d62ba69c3d268ead374af035cf3f8a3e6915c4_20080322_140942
Folder does not exist bdsp/opendata/EEG/data/S0002/rEEG/046f1c2c6d4004aa7e582584a2a3c30d3b74fe2da412e9397b5ff91020d9699b_20060816_150603
Folder does not exist bdsp/opendata/EEG/data/S0002/rEEG/047164ef5f03d1ee9197ca73c6dec152a28babac0d4a500a7565a91341ff12cb_20220830_132506
Folder does not exist bdsp/opendata/EEG/data/S0001/rEEG/0471fa4262316774eee34b041a8cc6a9b85d8b9c5ea1753623a87f1ef01d6080_20200528_164147
Folder does not exist bdsp/opendata/EEG/data/S0001/cEEG/0472ee5181eac1736e33f6ba6201d014f5cbd1b1ce0a0c878291ac93ef0a3f18_20230713_094711
Folder does not exist bdsp/opendata/EEG/data/S0001/cEEG/047453107917221e30dbd5d64fc5363c55b7db30d5dced072efe9c17a09b1734_20200724_090245
Folder does not exist bdsp/opendata/EEG/data/S0001/cEEG/047453107917221e30dbd5d64fc5363c55b7db30d5dced072efe9c17a09b1734_20200724_095208
Folder does not exist bdsp/opendata/EEG/data/S0001/cEEG/047453107917221e30dbd5d64fc5363c55b7db30d5dced072efe9c17a09b1734_20200725_060032
Folder does not exist bdsp/opendata/EEG/data/S0001/rEEG/0474a4f3e3808c450b71966e6ece74b19d3c12cdbcef9ea5a89dab9fc71d679a_20191203_140900
Folder does not exist bdsp/opendata/EEG/data/S0002/rEEG/047513a48a5348e6254169aedc469126aad32e453dfc8cc3046d55dd55e28b99_20160925_131121
Folder does not exist bdsp/opendata/EEG/data/S0001/cEEG/047554fc050f5aec71d45c9e3251cdedefb62510cc626cc56d2186800a08ac5e_20170530_210802
Folder does not exist bdsp/opendata/EEG/data/S0001/cEEG/047554fc050f5aec71d45c9e3251cdedefb62510cc626cc56d2186800a08ac5e_20170530_221140
Folder does not exist bdsp/opendata/EEG/data/S0001/cEEG/047554fc050f5aec71d45c9e3251cdedefb62510cc626cc56d2186800a08ac5e_20170531_021434
Folder does not exist bdsp/opendata/EEG/data/S0001/cEEG/047554fc050f5aec71d45c9e3251cdedefb62510cc626cc56d2186800a08ac5e_20170531_231717
Folder does not exist bdsp/opendata/EEG/data/S0001/cEEG/047554fc050f5aec71d45c9e3251cdedefb62510cc626cc56d2186800a08ac5e_20170601_040025
Folder does not exist bdsp/opendata/EEG/data/S0001/rEEG/047554fc050f5aec71d45c9e3251cdedefb62510cc626cc56d2186800a08ac5e_20210214_123801
Folder does not exist bdsp/opendata/EEG/data/S0001/rEEG/047554fc050f5aec71d45c9e3251cdedefb62510cc626cc56d2186800a08ac5e_20211021_091331
Folder does not exist bdsp/opendata/EEG/data/S0001/rEEG/047645257e49a004322da06f07164c8ec4ba59e73959f8b7c4a10e450a96b9f2_20170906_115944
Folder does not exist bdsp/opendata/EEG/data/S0002/cEEG/0477f01c5a4c08614cd3e27115a203eddde1551d442405e1072f7899b4aa88b7_20120701_152448
Folder does not exist bdsp/opendata/EEG/data/S0002/cEEG/0477f01c5a4c08614cd3e27115a203eddde1551d442405e1072f7899b4aa88b7_20120701_153403
Folder does not exist bdsp/opendata/EEG/data/S0002/cEEG/0477f01c5a4c08614cd3e27115a203eddde1551d442405e1072f7899b4aa88b7_20120701_155349
Folder does not exist bdsp/opendata/EEG/data/S0002/rEEG/047ab74de3c3592bdbafee2262f77d045df0730666e9a53fa62f67d7531082e5_20130109_131616
Folder does not exist bdsp/opendata/EEG/data/S0001/rEEG/047aea69085ac3b3ec3b4e97ac225b121e81a16a90ba3c26ba0680224231d70c_20100629_080935
Folder does not exist bdsp/opendata/EEG/data/S0001/rEEG/047d0724f7069d00fb3e796de3d92234080659f90f10e7a0a1ba5e2ca6ef1e2f_20160615_122356
Folder does not exist bdsp/opendata/EEG/data/S0001/rEEG/047d3711014b43b602bb4327717286bc9dea8c364c61a16e395a0eec4d7f10d6_20211121_171214
Folder does not exist bdsp/opendata/EEG/data/S0001/cEEG/047d3711014b43b602bb4327717286bc9dea8c364c61a16e395a0eec4d7f10d6_20211123_112502
Folder does not exist bdsp/opendata/EEG/data/S0001/cEEG/047d3711014b43b602bb4327717286bc9dea8c364c61a16e395a0eec4d7f10d6_20211123_140041
Folder does not exist bdsp/opendata/EEG/data/S0001/cEEG/047d3711014b43b602bb4327717286bc9dea8c364c61a16e395a0eec4d7f10d6_20211123_192503
Folder does not exist bdsp/opendata/EEG/data/S0001/cEEG/047d3711014b43b602bb4327717286bc9dea8c364c61a16e395a0eec4d7f10d6_20211124_060019
Folder does not exist bdsp/opendata/EEG/data/S0001/cEEG/047d3711014b43b602bb4327717286bc9dea8c364c61a16e395a0eec4d7f10d6_20211128_060030
Folder does not exist bdsp/opendata/EEG/data/S0002/rEEG/047df5262da128d601d6dd38eec0f7d43a43b68f5608fe80b8a9999160a305fd_20090502_081305
Folder does not exist bdsp/opendata/EEG/data/S0001/rEEG/047ee6fb0588beeef8481093d71608c3e28987851b72c0548596cf9b4c34bb70_20121114_164747
Folder does not exist bdsp/opendata/EEG/data/S0001/rEEG/047f63f081b25b906b53470b7154347f910d2611062171467daee7925ff9c578_20201005_120856
Folder does not exist bdsp/opendata/EEG/data/S0001/cEEG/0480add0b0be3ee0dc18e61624f5c5b925351b6a8bca6a3d9831f3ac0772cfcf_20140301_121458
Folder does not exist bdsp/opendata/EEG/data/S0001/cEEG/0480add0b0be3ee0dc18e61624f5c5b925351b6a8bca6a3d9831f3ac0772cfcf_20140301_131357
Folder does not exist bdsp/opendata/EEG/data/S0001/cEEG/0480add0b0be3ee0dc18e61624f5c5b925351b6a8bca6a3d9831f3ac0772cfcf_20140304_081926
Folder does not exist bdsp/opendata/EEG/data/S0001/rEEG/0480add0b0be3ee0dc18e61624f5c5b925351b6a8bca6a3d9831f3ac0772cfcf_20140409_102628
Folder does not exist bdsp/opendata/EEG/data/S0001/cEEG/0480add0b0be3ee0dc18e61624f5c5b925351b6a8bca6a3d9831f3ac0772cfcf_20140513_095700
Folder does not exist bdsp/opendata/EEG/data/S0001/rEEG/0480add0b0be3ee0dc18e61624f5c5b925351b6a8bca6a3d9831f3ac0772cfcf_20140610_160558
Folder does not exist bdsp/opendata/EEG/data/S0001/rEEG/0480add0b0be3ee0dc18e61624f5c5b925351b6a8bca6a3d9831f3ac0772cfcf_20140624_115945
Folder does not exist bdsp/opendata/EEG/data/S0001/rEEG/0480add0b0be3ee0dc18e61624f5c5b925351b6a8bca6a3d9831f3ac0772cfcf_20140816_115846
Folder does not exist bdsp/opendata/EEG/data/S0001/cEEG/0480add0b0be3ee0dc18e61624f5c5b925351b6a8bca6a3d9831f3ac0772cfcf_20140822_112635
Folder does not exist bdsp/opendata/EEG/data/S0001/rEEG/0480add0b0be3ee0dc18e61624f5c5b925351b6a8bca6a3d9831f3ac0772cfcf_20141028_123127
Folder does not exist bdsp/opendata/EEG/data/S0002/rEEG/04837580c8b8176bb7ece237258f534b97845f69a6b7f6889cfcde05a73a76e1_20100403_101227
Folder does not exist bdsp/opendata/EEG/data/S0001/cEEG/0483f0eec5225e930c16c286f27eae1fdb9d8b98dd2c68a593ecd050bf2987be_20210517_081752
Folder does not exist bdsp/opendata/EEG/data/S0001/cEEG/0483f0eec5225e930c16c286f27eae1fdb9d8b98dd2c68a593ecd050bf2987be_20210517_124532
Folder does not exist bdsp/opendata/EEG/data/S0001/cEEG/0483f0eec5225e930c16c286f27eae1fdb9d8b98dd2c68a593ecd050bf2987be_20210518_060031
Folder does not exist bdsp/opendata/EEG/data/S0001/cEEG/0483f0eec5225e930c16c286f27eae1fdb9d8b98dd2c68a593ecd050bf2987be_20210519_060033
Folder does not exist bdsp/opendata/EEG/data/S0001/cEEG/0483f0eec5225e930c16c286f27eae1fdb9d8b98dd2c68a593ecd050bf2987be_20210519_123408
Folder does not exist bdsp/opendata/EEG/data/S0001/cEEG/0483f0eec5225e930c16c286f27eae1fdb9d8b98dd2c68a593ecd050bf2987be_20210519_205558
Folder does not exist bdsp/opendata/EEG/data/S0001/cEEG/0483f0eec5225e930c16c286f27eae1fdb9d8b98dd2c68a593ecd050bf2987be_20210520_060029
Folder does not exist bdsp/opendata/EEG/data/S0001/cEEG/0483f0eec5225e930c16c286f27eae1fdb9d8b98dd2c68a593ecd050bf2987be_20210523_114219
Folder does not exist bdsp/opendata/EEG/data/S0001/cEEG/0483f0eec5225e930c16c286f27eae1fdb9d8b98dd2c68a593ecd050bf2987be_20210524_060031
Folder does not exist bdsp/opendata/EEG/data/S0001/cEEG/0483f0eec5225e930c16c286f27eae1fdb9d8b98dd2c68a593ecd050bf2987be_20210525_060036
Folder does not exist bdsp/opendata/EEG/data/S0001/cEEG/0483f0eec5225e930c16c286f27eae1fdb9d8b98dd2c68a593ecd050bf2987be_20210526_060028
Folder does not exist bdsp/opendata/EEG/data/S0001/cEEG/0483f0eec5225e930c16c286f27eae1fdb9d8b98dd2c68a593ecd050bf2987be_20210527_060033
Folder does not exist bdsp/opendata/EEG/data/S0001/cEEG/0483f0eec5225e930c16c286f27eae1fdb9d8b98dd2c68a593ecd050bf2987be_20210527_094302
Folder does not exist bdsp/opendata/EEG/data/S0001/cEEG/0483f0eec5225e930c16c286f27eae1fdb9d8b98dd2c68a593ecd050bf2987be_20210528_060029
Folder does not exist bdsp/opendata/EEG/data/S0001/cEEG/0483f0eec5225e930c16c286f27eae1fdb9d8b98dd2c68a593ecd050bf2987be_20210529_060029
Folder does not exist bdsp/opendata/EEG/data/S0001/cEEG/0483f0eec5225e930c16c286f27eae1fdb9d8b98dd2c68a593ecd050bf2987be_20210530_060030
Folder does not exist bdsp/opendata/EEG/data/S0001/cEEG/0483f0eec5225e930c16c286f27eae1fdb9d8b98dd2c68a593ecd050bf2987be_20210601_113405
Folder does not exist bdsp/opendata/EEG/data/S0001/cEEG/0483f0eec5225e930c16c286f27eae1fdb9d8b98dd2c68a593ecd050bf2987be_20210602_060032
Folder does not exist bdsp/opendata/EEG/data/S0001/cEEG/0483f0eec5225e930c16c286f27eae1fdb9d8b98dd2c68a593ecd050bf2987be_20210603_060045
Folder does not exist bdsp/opendata/EEG/data/S0001/cEEG/0483f0eec5225e930c16c286f27eae1fdb9d8b98dd2c68a593ecd050bf2987be_20210604_060039
Folder does not exist bdsp/opendata/EEG/data/S0001/rEEG/0483f0eec5225e930c16c286f27eae1fdb9d8b98dd2c68a593ecd050bf2987be_20210607_094204
Folder does not exist bdsp/opendata/EEG/data/S0001/cEEG/0483f0eec5225e930c16c286f27eae1fdb9d8b98dd2c68a593ecd050bf2987be_20210614_170157
Folder does not exist bdsp/opendata/EEG/data/S0001/cEEG/0483f0eec5225e930c16c286f27eae1fdb9d8b98dd2c68a593ecd050bf2987be_20210615_060147
Folder does not exist bdsp/opendata/EEG/data/S0001/cEEG/0483f0eec5225e930c16c286f27eae1fdb9d8b98dd2c68a593ecd050bf2987be_20210927_115837
Folder does not exist bdsp/opendata/EEG/data/S0001/cEEG/0483f0eec5225e930c16c286f27eae1fdb9d8b98dd2c68a593ecd050bf2987be_20210928_060041
Folder does not exist bdsp/opendata/EEG/data/S0001/rEEG/0483f0eec5225e930c16c286f27eae1fdb9d8b98dd2c68a593ecd050bf2987be_20211005_080840
Folder does not exist bdsp/opendata/EEG/data/S0002/rEEG/048684fd5c287b599319eb7b822ba5397427aae8c5c1a6d671d567a21bf1f7d1_20060305_115218
Folder does not exist bdsp/opendata/EEG/data/S0002/rEEG/0488672392fc242cfdd3203e6f2041bdbd073e8e73018a2cd8bb361ee79b32e1_20181123_150806
Folder does not exist bdsp/opendata/EEG/data/S0001/cEEG/048a0169bd98a9c2a0c7bcf9129bbb806a6fd21452d12ad295d2a7f44e58c166_20151025_134406
Folder does not exist bdsp/opendata/EEG/data/S0001/cEEG/048a0169bd98a9c2a0c7bcf9129bbb806a6fd21452d12ad295d2a7f44e58c166_20151026_143840
Folder does not exist bdsp/opendata/EEG/data/S0001/cEEG/048a0169bd98a9c2a0c7bcf9129bbb806a6fd21452d12ad295d2a7f44e58c166_20151027_075230
Folder does not exist bdsp/opendata/EEG/data/S0001/cEEG/048a0169bd98a9c2a0c7bcf9129bbb806a6fd21452d12ad295d2a7f44e58c166_20151028_081846
Folder does not exist bdsp/opendata/EEG/data/S0002/rEEG/048ab75ac5c034a0165f0accaa5b4ddaaa7c5e51947e62d37a7974dc04163318_20130612_143809
Folder does not exist bdsp/opendata/EEG/data/S0002/cEEG/048ab75ac5c034a0165f0accaa5b4ddaaa7c5e51947e62d37a7974dc04163318_20130621_072441
Folder does not exist bdsp/opendata/EEG/data/S0001/cEEG/048b0101fd5f9a6a35f7740f97dc39490c1091de80ff8a6191b87f99eeec6c4c_20210108_104609
Folder does not exist bdsp/opendata/EEG/data/S0001/cEEG/048b0101fd5f9a6a35f7740f97dc39490c1091de80ff8a6191b87f99eeec6c4c_20210109_060049
Folder does not exist bdsp/opendata/EEG/data/S0001/cEEG/048b0101fd5f9a6a35f7740f97dc39490c1091de80ff8a6191b87f99eeec6c4c_20210110_060105
Folder does not exist bdsp/opendata/EEG/data/S0001/cEEG/048b0101fd5f9a6a35f7740f97dc39490c1091de80ff8a6191b87f99eeec6c4c_20210112_060046
Folder does not exist bdsp/opendata/EEG/data/S0002/rEEG/048b0caea7afe8897566d79e61edd1e20d00308ed572a02646bd3a3ba9563622_20210101_134925
Folder does not exist bdsp/opendata/EEG/data/S0001/cEEG/048babb68c45e5abf12880dbb7cc1cfffbc9d133dd2f3c6f645dd702a19ced6c_20151022_140818
Folder does not exist bdsp/opendata/EEG/data/S0001/cEEG/048babb68c45e5abf12880dbb7cc1cfffbc9d133dd2f3c6f645dd702a19ced6c_20151030_072934
Folder does not exist bdsp/opendata/EEG/data/S0001/cEEG/048babb68c45e5abf12880dbb7cc1cfffbc9d133dd2f3c6f645dd702a19ced6c_20160327_084400
Folder does not exist bdsp/opendata/EEG/data/S0001/cEEG/048babb68c45e5abf12880dbb7cc1cfffbc9d133dd2f3c6f645dd702a19ced6c_20160328_080724
Folder does not exist bdsp/opendata/EEG/data/S0001/rEEG/048bd8cd3f30ff90450584557cb55609c28cdfe7ec94239e17ba731f87c85d4f_20141213_134049
Folder does not exist bdsp/opendata/EEG/data/S0001/rEEG/048ee259be0e44a07068dcab9eef9eff8af9905988a1d25edde2427cf8aa5f88_20200622_085712
Folder does not exist bdsp/opendata/EEG/data/S0001/cEEG/048ee259be0e44a07068dcab9eef9eff8af9905988a1d25edde2427cf8aa5f88_20200628_154036
Folder does not exist bdsp/opendata/EEG/data/S0001/cEEG/048ee259be0e44a07068dcab9eef9eff8af9905988a1d25edde2427cf8aa5f88_20200629_060038
Folder does not exist bdsp/opendata/EEG/data/S0001/cEEG/048ee259be0e44a07068dcab9eef9eff8af9905988a1d25edde2427cf8aa5f88_20200630_060032
Folder does not exist bdsp/opendata/EEG/data/S0001/cEEG/048ee259be0e44a07068dcab9eef9eff8af9905988a1d25edde2427cf8aa5f88_20200701_060040
Folder does not exist bdsp/opendata/EEG/data/S0001/cEEG/048ee259be0e44a07068dcab9eef9eff8af9905988a1d25edde2427cf8aa5f88_20200702_060025
Folder does not exist bdsp/opendata/EEG/data/S0002/rEEG/048f4f9319e0535ae34f2351083f614a668de195f909529d008d235cba3ea6cb_20140415_104357
Folder does not exist bdsp/opendata/EEG/data/S0001/rEEG/049116476a268741582c47a4110ef0fd9a1c3fce5a081686db4a9540ebc406d1_20120521_125100
Folder does not exist bdsp/opendata/EEG/data/S0001/rEEG/049185b93e46f9d5cb0e9973ff248dd4bf2c448c1fe0551f7dcf9631bddf5ef4_20130121_122322
Folder does not exist bdsp/opendata/EEG/data/S0001/rEEG/049185b93e46f9d5cb0e9973ff248dd4bf2c448c1fe0551f7dcf9631bddf5ef4_20170825_094121
Folder does not exist bdsp/opendata/EEG/data/S0001/rEEG/0491d7ceb3449b3763faf5ece4a50dd9684b4be6665d34c98eafa67f237e7237_20150512_104018
Folder does not exist bdsp/opendata/EEG/data/S0002/rEEG/04924199ef7c6a2b1d8a0777fdf576ef15ea17c3d1ccc3b761c53169e2df384c_20200318_123029
Folder does not exist bdsp/opendata/EEG/data/S0002/rEEG/04924199ef7c6a2b1d8a0777fdf576ef15ea17c3d1ccc3b761c53169e2df384c_20210316_115005
Folder does not exist bdsp/opendata/EEG/data/S0001/rEEG/0493e20e87e473c43acc27c10eef626c925d286a86d5b7483c53033614e9bea9_20141116_090653
Folder does not exist bdsp/opendata/EEG/data/S0002/cEEG/049b77a4d7dcfc70e8802218364bcf78cc89a6b7c5fe18c6223eb214eee3b8eb_20181015_110149
Folder does not exist bdsp/opendata/EEG/data/S0002/cEEG/049b77a4d7dcfc70e8802218364bcf78cc89a6b7c5fe18c6223eb214eee3b8eb_20181016_061950
Folder does not exist bdsp/opendata/EEG/data/S0002/cEEG/049b77a4d7dcfc70e8802218364bcf78cc89a6b7c5fe18c6223eb214eee3b8eb_20181017_062012
Folder does not exist bdsp/opendata/EEG/data/S0002/cEEG/049b77a4d7dcfc70e8802218364bcf78cc89a6b7c5fe18c6223eb214eee3b8eb_20181018_073250
Folder does not exist bdsp/opendata/EEG/data/S0002/cEEG/049b77a4d7dcfc70e8802218364bcf78cc89a6b7c5fe18c6223eb214eee3b8eb_20181021_094131
Folder does not exist bdsp/opendata/EEG/data/S0002/cEEG/049b77a4d7dcfc70e8802218364bcf78cc89a6b7c5fe18c6223eb214eee3b8eb_20181022_062430
Folder does not exist bdsp/opendata/EEG/data/S0002/cEEG/049b77a4d7dcfc70e8802218364bcf78cc89a6b7c5fe18c6223eb214eee3b8eb_20181024_020700
Folder does not exist bdsp/opendata/EEG/data/S0002/cEEG/049b77a4d7dcfc70e8802218364bcf78cc89a6b7c5fe18c6223eb214eee3b8eb_20181024_051338
Folder does not exist bdsp/opendata/EEG/data/S0002/cEEG/049b77a4d7dcfc70e8802218364bcf78cc89a6b7c5fe18c6223eb214eee3b8eb_20181024_074422
Folder does not exist bdsp/opendata/EEG/data/S0001/rEEG/049bfbebffb31ad9d6497b79494dbcf2011dca1e39fb471f9fc8effe8803dccf_20190601_144138
Folder does not exist bdsp/opendata/EEG/data/S0001/rEEG/049c003d4248e4e50f2763ffd7810fb65f3d84985f482af8bc0256e60e05d68a_20110418_082937
Folder does not exist bdsp/opendata/EEG/data/S0001/rEEG/049c003d4248e4e50f2763ffd7810fb65f3d84985f482af8bc0256e60e05d68a_20110531_081146
Folder does not exist bdsp/opendata/EEG/data/S0001/rEEG/049c003d4248e4e50f2763ffd7810fb65f3d84985f482af8bc0256e60e05d68a_20201115_143551
Folder does not exist bdsp/opendata/EEG/data/S0002/rEEG/049d283f1211715febfa348851a605b992f8b21370f7137b5c8e3367c7d6e518_20060928_101508
Folder does not exist bdsp/opendata/EEG/data/S0001/cEEG/049d4755f32723be9b23f26554bb4385b154f3b8e646d842b1740b603d0a9500_20220202_105038
Folder does not exist bdsp/opendata/EEG/data/S0001/cEEG/049d4755f32723be9b23f26554bb4385b154f3b8e646d842b1740b603d0a9500_20220202_114356
Folder does not exist bdsp/opendata/EEG/data/S0001/cEEG/049d4755f32723be9b23f26554bb4385b154f3b8e646d842b1740b603d0a9500_20220203_060057
Folder does not exist bdsp/opendata/EEG/data/S0001/cEEG/049d4755f32723be9b23f26554bb4385b154f3b8e646d842b1740b603d0a9500_20220204_060035
Folder does not exist bdsp/opendata/EEG/data/S0001/rEEG/049d4755f32723be9b23f26554bb4385b154f3b8e646d842b1740b603d0a9500_20220608_111526
Folder does not exist bdsp/opendata/EEG/data/S0001/rEEG/049d662f8c0423f0b3831b475bc87b8c79dd97f16df5bd073529c9096fff5733_20120617_122210
Folder does not exist bdsp/opendata/EEG/data/S0001/cEEG/049ecd7fe90cf1bebb1cecd82ea451016cb8b892a1d1df1e7029277d325dca14_20160930_162652
Folder does not exist bdsp/opendata/EEG/data/S0002/cEEG/049ffd8b9eb1681358af0f9be522073765b2e3b908195c699238c011b3f68a91_20160914_144821
Folder does not exist bdsp/opendata/EEG/data/S0002/rEEG/049ffd8b9eb1681358af0f9be522073765b2e3b908195c699238c011b3f68a91_20160916_143916
Folder does not exist bdsp/opendata/EEG/data/S0001/cEEG/04a14926303a396413d6e40eb99e0cbfa673d583d96d2a1867137aee3bcd84a1_20140326_111615
Folder does not exist bdsp/opendata/EEG/data/S0001/cEEG/04a14926303a396413d6e40eb99e0cbfa673d583d96d2a1867137aee3bcd84a1_20140326_121332
Folder does not exist bdsp/opendata/EEG/data/S0002/rEEG/04a2ab4eef629091365e2d0bd159c73e65790224550b50af07865fb9c8dc47ed_20170329_140243
Folder does not exist bdsp/opendata/EEG/data/S0002/rEEG/04a2ab4eef629091365e2d0bd159c73e65790224550b50af07865fb9c8dc47ed_20170618_151438
Folder does not exist bdsp/opendata/EEG/data/S0002/rEEG/04a2d0cc178189ed0af81f48538ad34bf44def085849a776ef45daf2c2c68f4b_20090629_090653
Folder does not exist bdsp/opendata/EEG/data/S0002/cEEG/04a43d0026b5be11d3aaef15603ceb90fda9fa7435ffec3022bc258ae0b8fb87_20171109_002855
Folder does not exist bdsp/opendata/EEG/data/S0002/cEEG/04a43d0026b5be11d3aaef15603ceb90fda9fa7435ffec3022bc258ae0b8fb87_20171109_074006
Folder does not exist bdsp/opendata/EEG/data/S0002/cEEG/04a43d0026b5be11d3aaef15603ceb90fda9fa7435ffec3022bc258ae0b8fb87_20171110_065952
Folder does not exist bdsp/opendata/EEG/data/S0002/cEEG/04a43d0026b5be11d3aaef15603ceb90fda9fa7435ffec3022bc258ae0b8fb87_20171111_070341
Folder does not exist bdsp/opendata/EEG/data/S0002/cEEG/04a43d0026b5be11d3aaef15603ceb90fda9fa7435ffec3022bc258ae0b8fb87_20171112_132339
Folder does not exist bdsp/opendata/EEG/data/S0002/cEEG/04a43d0026b5be11d3aaef15603ceb90fda9fa7435ffec3022bc258ae0b8fb87_20171115_154908
Folder does not exist bdsp/opendata/EEG/data/S0002/cEEG/04a43d0026b5be11d3aaef15603ceb90fda9fa7435ffec3022bc258ae0b8fb87_20171115_182832
Folder does not exist bdsp/opendata/EEG/data/S0001/cEEG/04a544d07958c34d35db1bf240bad571bcf62f068c0a2c1a2e11907de6ff52bc_20120503_122938
Folder does not exist bdsp/opendata/EEG/data/S0001/cEEG/04a544d07958c34d35db1bf240bad571bcf62f068c0a2c1a2e11907de6ff52bc_20120509_084618
Folder does not exist bdsp/opendata/EEG/data/S0001/cEEG/04a544d07958c34d35db1bf240bad571bcf62f068c0a2c1a2e11907de6ff52bc_20120510_090053
Folder does not exist bdsp/opendata/EEG/data/S0001/cEEG/04a544d07958c34d35db1bf240bad571bcf62f068c0a2c1a2e11907de6ff52bc_20120518_132719
Folder does not exist bdsp/opendata/EEG/data/S0001/rEEG/04a55216935fd8cce3d34c4b40d8d11e30718218a8fd59430552d0b3af0eaaae_20180801_155719
Folder does not exist bdsp/opendata/EEG/data/S0002/cEEG/04ab6c04aebd59a212d3799e92a69766daac47b2c17be5a35e71db1c3c11c3e4_20151028_104827
Folder does not exist bdsp/opendata/EEG/data/S0002/cEEG/04ab6c04aebd59a212d3799e92a69766daac47b2c17be5a35e71db1c3c11c3e4_20151028_105144
Folder does not exist bdsp/opendata/EEG/data/S0002/rEEG/04aba9660b052c933a33b7d36e784ccae67d97b9dcec5143721b7e3bdd58c8cb_20170224_112253
Folder does not exist bdsp/opendata/EEG/data/S0001/rEEG/04ac12dff866e297e3a7b5c1555555daa75ee59673b602642f9cb04e1ffbc3b0_20201208_095345
Folder does not exist bdsp/opendata/EEG/data/S0001/cEEG/04ac1f3d2321f8dc8f85759b2e1f94378ffee42a02607f3a372c0d03db10ae9f_20190201_151150
Folder does not exist bdsp/opendata/EEG/data/S0001/cEEG/04ac1f3d2321f8dc8f85759b2e1f94378ffee42a02607f3a372c0d03db10ae9f_20190201_154713
Folder does not exist bdsp/opendata/EEG/data/S0001/cEEG/04ac1f3d2321f8dc8f85759b2e1f94378ffee42a02607f3a372c0d03db10ae9f_20190202_060031
Folder does not exist bdsp/opendata/EEG/data/S0001/cEEG/04ac1f3d2321f8dc8f85759b2e1f94378ffee42a02607f3a372c0d03db10ae9f_20190203_060035
Folder does not exist bdsp/opendata/EEG/data/S0001/cEEG/04ac1f3d2321f8dc8f85759b2e1f94378ffee42a02607f3a372c0d03db10ae9f_20190204_060031
Folder does not exist bdsp/opendata/EEG/data/S0001/rEEG/04acea62b333f4cd8164cf503975b332121980f425dabba6623c7ad54f9c636a_20180302_100821
Folder does not exist bdsp/opendata/EEG/data/S0002/rEEG/04ad826570eb8b27a5463e8c62eb27bc337c2bad66e1306cdcf7e863c2d0c6e2_20031117_094916
Folder does not exist bdsp/opendata/EEG/data/S0002/rEEG/04adcb12c4e599a5fdf75f0b623123e6c836dafaa31afe1c274d7d055f138dab_20111002_144643
Folder does not exist bdsp/opendata/EEG/data/S0001/cEEG/04b1638128c43c3e2c16725a389e8ef3c276f02878c332943e0ee5a8206665bb_20160218_122548
Folder does not exist bdsp/opendata/EEG/data/S0001/cEEG/04b2d9e7abd1a59f5f42a954615d2c359c8543cf7154d3afe21ad09a8441a962_20190326_092115
Folder does not exist bdsp/opendata/EEG/data/S0001/cEEG/04b49719a365991c97ea0b76885347b65da9ed64205b639b7d5e9e07cb194166_20200415_160534
Folder does not exist bdsp/opendata/EEG/data/S0001/cEEG/04b49719a365991c97ea0b76885347b65da9ed64205b639b7d5e9e07cb194166_20200415_164442
Folder does not exist bdsp/opendata/EEG/data/S0001/cEEG/04b49719a365991c97ea0b76885347b65da9ed64205b639b7d5e9e07cb194166_20200416_060042
Folder does not exist bdsp/opendata/EEG/data/S0002/cEEG/04b665730860699b2d800ae92d9306304af744d552f933abd8eb210adc82a85a_20111120_113157
Folder does not exist bdsp/opendata/EEG/data/S0001/cEEG/04b925558a69a6d412e949c95f29ce44a193cbdb7ecff1ede4af940adbbe2acd_20170227_174938
Folder does not exist bdsp/opendata/EEG/data/S0001/cEEG/04b925558a69a6d412e949c95f29ce44a193cbdb7ecff1ede4af940adbbe2acd_20170228_082104
Folder does not exist bdsp/opendata/EEG/data/S0001/cEEG/04b925558a69a6d412e949c95f29ce44a193cbdb7ecff1ede4af940adbbe2acd_20170305_105753
Folder does not exist bdsp/opendata/EEG/data/S0001/cEEG/04b925558a69a6d412e949c95f29ce44a193cbdb7ecff1ede4af940adbbe2acd_20170305_113635
Folder does not exist bdsp/opendata/EEG/data/S0001/rEEG/04b925558a69a6d412e949c95f29ce44a193cbdb7ecff1ede4af940adbbe2acd_20170310_145220
Folder does not exist bdsp/opendata/EEG/data/S0001/rEEG/04bb7677f54ffd07ab9459ba219cf95070d3963fd63fc8b986eede673b284af0_20110527_082939
Folder does not exist bdsp/opendata/EEG/data/S0001/rEEG/04bc91734aa0bfadbb1d48c7fe1f63713fdbc803be0d0e83f317ac0d7ea11779_20201020_074206
Folder does not exist bdsp/opendata/EEG/data/S0001/rEEG/04bc91734aa0bfadbb1d48c7fe1f63713fdbc803be0d0e83f317ac0d7ea11779_20210626_171101
Folder does not exist bdsp/opendata/EEG/data/S0001/rEEG/04bc91734aa0bfadbb1d48c7fe1f63713fdbc803be0d0e83f317ac0d7ea11779_20210730_105237
Folder does not exist bdsp/opendata/EEG/data/S0001/rEEG/04bc9a22af2fe4731570c8dd176877db7e87c315d272793821214866d01e583f_20230730_120659
Folder does not exist bdsp/opendata/EEG/data/S0001/rEEG/04bd5ea414257b4ffa12468333c66f42ec48d1f5839c74ea5e67ebf26c7cf19f_20130211_084237
Folder does not exist bdsp/opendata/EEG/data/S0002/cEEG/04c044b44480482b6c697acead01b1aaf07353abd6449e6ce4f1821545ee66d4_20200907_174750
Folder does not exist bdsp/opendata/EEG/data/S0002/cEEG/04c044b44480482b6c697acead01b1aaf07353abd6449e6ce4f1821545ee66d4_20200908_070022
Folder does not exist bdsp/opendata/EEG/data/S0002/rEEG/04c16042ddeebb205369f665860dc229b8c971f780e9daee9d5574a3890eced6_20170829_111702
Folder does not exist bdsp/opendata/EEG/data/S0001/rEEG/04c28f0e57be9e6496b7b8321891fdcf7add2b597dfb92ba858dd38b224311a8_20210211_092933
Folder does not exist bdsp/opendata/EEG/data/S0002/rEEG/04c2b55ae113a3404b8101b60e89d1f483252ece4c7219078715d7fee26af4c1_20210122_131633
Folder does not exist bdsp/opendata/EEG/data/S0002/cEEG/04c2b55ae113a3404b8101b60e89d1f483252ece4c7219078715d7fee26af4c1_20210124_093233
Folder does not exist bdsp/opendata/EEG/data/S0002/rEEG/04c2dcd1e7974de33b9744f8c201a59d0c5b8d89e53ead10fc1bbd2f4635e7a1_20080528_110948
Folder does not exist bdsp/opendata/EEG/data/S0001/rEEG/04c3a1845d20bf83871a23b1dbd4a0435afbdb53081aa8b8f1a82c151fdd0ebe_20191025_140852
Folder does not exist bdsp/opendata/EEG/data/S0002/rEEG/04c3c3ea80897f03195d960f001dec219e7c3e9bb5fef1d58eb399f7d8f60acc_20130928_073845
Folder does not exist bdsp/opendata/EEG/data/S0002/rEEG/04c3c3ea80897f03195d960f001dec219e7c3e9bb5fef1d58eb399f7d8f60acc_20200903_100142
Folder does not exist bdsp/opendata/EEG/data/S0001/rEEG/04c3fdb07aaad54d927e430b3b493f291c6f53be101e3bc43f0ff30c97682154_20151127_142530
Folder does not exist bdsp/opendata/EEG/data/S0001/rEEG/04c3fdb07aaad54d927e430b3b493f291c6f53be101e3bc43f0ff30c97682154_20211009_155659
Folder does not exist bdsp/opendata/EEG/data/S0001/rEEG/04c492894d469245c72b49ee1822015e0eb277ecd6bd231e6aba7cdf37d11f52_20150103_150613
Folder does not exist bdsp/opendata/EEG/data/S0002/rEEG/04c64678c6bb31312fc956182898c9013abe719309d3ed08483f556079ad5b85_20170617_162900
Folder does not exist bdsp/opendata/EEG/data/S0001/rEEG/04c75323ec42727071b17c37606da4c0c8112c58b6664d32a585abfb08bca283_20230324_165954
Folder does not exist bdsp/opendata/EEG/data/S0001/rEEG/04c75323ec42727071b17c37606da4c0c8112c58b6664d32a585abfb08bca283_20231004_105006
Folder does not exist bdsp/opendata/EEG/data/S0001/cEEG/04c75323ec42727071b17c37606da4c0c8112c58b6664d32a585abfb08bca283_20231006_162033
Folder does not exist bdsp/opendata/EEG/data/S0001/cEEG/04c75323ec42727071b17c37606da4c0c8112c58b6664d32a585abfb08bca283_20231007_060025
Folder does not exist bdsp/opendata/EEG/data/S0001/cEEG/04c7901f9a1eaa8f0dc1d81a2a18076edb20e9b0a2716c889b45f970f790ff11_20200621_104404
Folder does not exist bdsp/opendata/EEG/data/S0001/cEEG/04c7901f9a1eaa8f0dc1d81a2a18076edb20e9b0a2716c889b45f970f790ff11_20200622_041302
Folder does not exist bdsp/opendata/EEG/data/S0001/cEEG/04c7901f9a1eaa8f0dc1d81a2a18076edb20e9b0a2716c889b45f970f790ff11_20200622_060015
Folder does not exist bdsp/opendata/EEG/data/S0001/cEEG/04c7901f9a1eaa8f0dc1d81a2a18076edb20e9b0a2716c889b45f970f790ff11_20200622_084043
Folder does not exist bdsp/opendata/EEG/data/S0001/rEEG/04c7c1ca80b3b2c0d6115672662c374a0be217438457942b5b4db86175f04b44_20170803_080309
Folder does not exist bdsp/opendata/EEG/data/S0002/rEEG/04c932c515f2994bcafa7489f31103fb35745368d796a5652d5f5cf8f1e620a7_20220626_080452
Folder does not exist bdsp/opendata/EEG/data/S0001/cEEG/04c9c69a148bc01cb654238898b9fd5220d410a33388f92f016779c972cd817a_20130530_172853
Folder does not exist bdsp/opendata/EEG/data/S0001/rEEG/04cae32a632095007f5fa4dc77b1931796c284676ac8b926620daf6a47c78fa8_20120130_111247
Folder does not exist bdsp/opendata/EEG/data/S0002/rEEG/04cc112db0214bbcd5269006335fc2a95b89f2e9feb69da05382dd644f55f692_20070907_165519
Folder does not exist bdsp/opendata/EEG/data/S0002/rEEG/04cc1b9088e2804d4de95e4b7a791306ba2afd387e8a09b68778c49f8ec58abc_20070822_083424
Folder does not exist bdsp/opendata/EEG/data/S0002/cEEG/04ccc420a420da6940355ece9d34b6fa37e68e0da707cb29eb27d4e102c32caf_20160501_094541
Folder does not exist bdsp/opendata/EEG/data/S0001/rEEG/04cea24e5a4e96e58e21c42f73bedf7e4a37707ee6abe0530a53f1150224b9ab_20161007_120402
Folder does not exist bdsp/opendata/EEG/data/S0001/rEEG/04cea24e5a4e96e58e21c42f73bedf7e4a37707ee6abe0530a53f1150224b9ab_20161019_095540
Folder does not exist bdsp/opendata/EEG/data/S0002/cEEG/04cfbacb8007b63a30776a74f9c3464d6ab48f2805f098f33ce3a6b10430c341_20161103_102638
Folder does not exist bdsp/opendata/EEG/data/S0001/cEEG/04d0e9325e29893143bbcf4f9c49255f55cb1e7b9240406e26c8c7f446ced7a3_20190709_125738
Folder does not exist bdsp/opendata/EEG/data/S0001/cEEG/04d0e9325e29893143bbcf4f9c49255f55cb1e7b9240406e26c8c7f446ced7a3_20190710_060030
Folder does not exist bdsp/opendata/EEG/data/S0001/cEEG/04d0e9325e29893143bbcf4f9c49255f55cb1e7b9240406e26c8c7f446ced7a3_20190710_142051
Folder does not exist bdsp/opendata/EEG/data/S0001/cEEG/04d0e9325e29893143bbcf4f9c49255f55cb1e7b9240406e26c8c7f446ced7a3_20190711_060019
Folder does not exist bdsp/opendata/EEG/data/S0001/cEEG/04d0e9325e29893143bbcf4f9c49255f55cb1e7b9240406e26c8c7f446ced7a3_20190711_084920
Folder does not exist bdsp/opendata/EEG/data/S0001/cEEG/04d0e9325e29893143bbcf4f9c49255f55cb1e7b9240406e26c8c7f446ced7a3_20190712_060032
Folder does not exist bdsp/opendata/EEG/data/S0001/cEEG/04d0e9325e29893143bbcf4f9c49255f55cb1e7b9240406e26c8c7f446ced7a3_20190713_060040
Folder does not exist bdsp/opendata/EEG/data/S0001/cEEG/04d0e9325e29893143bbcf4f9c49255f55cb1e7b9240406e26c8c7f446ced7a3_20190714_060030
Folder does not exist bdsp/opendata/EEG/data/S0001/cEEG/04d0e9325e29893143bbcf4f9c49255f55cb1e7b9240406e26c8c7f446ced7a3_20190715_060036
Folder does not exist bdsp/opendata/EEG/data/S0001/rEEG/04d0e9325e29893143bbcf4f9c49255f55cb1e7b9240406e26c8c7f446ced7a3_20190823_090853
Folder does not exist bdsp/opendata/EEG/data/S0001/rEEG/04d254940194b93f4ea7173154ba33d760ecc479c373bc1309bc87bef0757322_20140623_104018
Folder does not exist bdsp/opendata/EEG/data/S0002/rEEG/04d254940194b93f4ea7173154ba33d760ecc479c373bc1309bc87bef0757322_20150927_081614
Folder does not exist bdsp/opendata/EEG/data/S0001/cEEG/04d31b4a90b1e2a97cc9412417dd8448e8c2454f8450815ad20cb4b5bf7107a6_20150723_124259
Folder does not exist bdsp/opendata/EEG/data/S0001/cEEG/04d31b4a90b1e2a97cc9412417dd8448e8c2454f8450815ad20cb4b5bf7107a6_20150810_121806
Folder does not exist bdsp/opendata/EEG/data/S0001/cEEG/04d31b4a90b1e2a97cc9412417dd8448e8c2454f8450815ad20cb4b5bf7107a6_20150811_081841
Folder does not exist bdsp/opendata/EEG/data/S0001/rEEG/04d31b4a90b1e2a97cc9412417dd8448e8c2454f8450815ad20cb4b5bf7107a6_20160309_115525
Folder does not exist bdsp/opendata/EEG/data/S0001/rEEG/04d33771718f3688bdd609f1fd33acf5532a9d60a929f5cd2817383b373aca5b_20200304_080112
Folder does not exist bdsp/opendata/EEG/data/S0001/rEEG/04d33771718f3688bdd609f1fd33acf5532a9d60a929f5cd2817383b373aca5b_20210716_095020
Folder does not exist bdsp/opendata/EEG/data/S0002/rEEG/04d64a56e1b2c974e18c6cfa27eec5ef770899c15a16fd10e8ce5f6d8e20aa08_20060601_142428
Folder does not exist bdsp/opendata/EEG/data/S0001/rEEG/04da4ead1222a7fc85a944cf48b1c4693583e980c9d631daf072ced2f74e5763_20160311_153824
Folder does not exist bdsp/opendata/EEG/data/S0001/rEEG/04dad6cc41cb96e7e1de93ff0af8983b1e6f7328a0fcbce68e4c4eabdb048ec9_20170414_095603
Folder does not exist bdsp/opendata/EEG/data/S0001/rEEG/04dad6cc41cb96e7e1de93ff0af8983b1e6f7328a0fcbce68e4c4eabdb048ec9_20210124_135235
Folder does not exist bdsp/opendata/EEG/data/S0002/EEG/04e1003830b6cd609eb5792458189f733990d400db63da098ff2f618905e6570_20181108_130145
Folder does not exist bdsp/opendata/EEG/data/S0001/rEEG/04e1e42ba164b34137978de5aece27541e815ec13832634179fb6c8f340db704_20101020_101722
Folder does not exist bdsp/opendata/EEG/data/S0001/cEEG/04e20084a0e30deb7bc16add9577a0585816c68de16fb5e2f6b77016cdfc68da_20131015_104834
Folder does not exist bdsp/opendata/EEG/data/S0001/cEEG/04e20084a0e30deb7bc16add9577a0585816c68de16fb5e2f6b77016cdfc68da_20131015_115628
Folder does not exist bdsp/opendata/EEG/data/S0001/cEEG/04e20084a0e30deb7bc16add9577a0585816c68de16fb5e2f6b77016cdfc68da_20131016_081938
Folder does not exist bdsp/opendata/EEG/data/S0001/cEEG/04e20084a0e30deb7bc16add9577a0585816c68de16fb5e2f6b77016cdfc68da_20131024_083718
Folder does not exist bdsp/opendata/EEG/data/S0002/rEEG/04e580b3c86a3bb6efc17bd44cd30584a1d43158b2b6362257504860be072202_20130129_091243
Folder does not exist bdsp/opendata/EEG/data/S0001/cEEG/04e77f04be07676b7e6ced8ef26494198665aa9c636b1c0d492c9066b1978aaf_20201011_174318
Folder does not exist bdsp/opendata/EEG/data/S0001/cEEG/04e77f04be07676b7e6ced8ef26494198665aa9c636b1c0d492c9066b1978aaf_20201012_060033
Folder does not exist bdsp/opendata/EEG/data/S0001/cEEG/04e77f04be07676b7e6ced8ef26494198665aa9c636b1c0d492c9066b1978aaf_20201013_060042
Folder does not exist bdsp/opendata/EEG/data/S0002/cEEG/04e785fef1764bd532b38c92ba707daa590cb9796479922d17d790494453c060_20151104_054655
Folder does not exist bdsp/opendata/EEG/data/S0001/cEEG/04e966ee9d750953c2079b9cb9f54431d1b5caa7a7a9a97632f5616a659a2257_20140422_112828
Folder does not exist bdsp/opendata/EEG/data/S0001/cEEG/04e966ee9d750953c2079b9cb9f54431d1b5caa7a7a9a97632f5616a659a2257_20140422_122907
Folder does not exist bdsp/opendata/EEG/data/S0001/rEEG/04e966ee9d750953c2079b9cb9f54431d1b5caa7a7a9a97632f5616a659a2257_20140528_080300
Folder does not exist bdsp/opendata/EEG/data/S0002/rEEG/04eb6779ac6ff1263a1bca68c78b23232c07d15b9042bbe7702a678b73a2529d_20091204_093329
Folder does not exist bdsp/opendata/EEG/data/S0001/rEEG/04ebb9889beb49284c95bb974b4aa05789c588c48e450cbe8814eb7cd7022faa_20151126_091814
Folder does not exist bdsp/opendata/EEG/data/S0001/rEEG/04ec67e84200685a0bfa04d0d052e0a1538915056678cddf2585bda6b806e1c0_20221113_121556
Folder does not exist bdsp/opendata/EEG/data/S0001/rEEG/04ecf08d50fb3c519b50e94335c58458185bb78cd78d05248bf371920af5193c_20180324_153417
Folder does not exist bdsp/opendata/EEG/data/S0001/cEEG/04ecf08d50fb3c519b50e94335c58458185bb78cd78d05248bf371920af5193c_20180325_140703
Folder does not exist bdsp/opendata/EEG/data/S0002/rEEG/04ee81bfb40662aae850cd2bf9a3338d3a0afaedea29a80071fcc6827a61e93c_20220814_084347
Folder does not exist bdsp/opendata/EEG/data/S0001/rEEG/04eebc866e8c9d19fba8ec78b999ccc1de8b33fd87ef90956308d5bd186da1c6_20110506_102056
Folder does not exist bdsp/opendata/EEG/data/S0002/rEEG/04ef9ba9dbaec6f0361aa76ba3cc0b2173fe2bed1639b6116356ebf2559a5ca4_20170526_094348
Folder does not exist bdsp/opendata/EEG/data/S0002/EEG/04ef9ba9dbaec6f0361aa76ba3cc0b2173fe2bed1639b6116356ebf2559a5ca4_20200729_085907
Folder does not exist bdsp/opendata/EEG/data/S0002/cEEG/04efd782d7035473d0876494504d3c3a8236206b938f9858604b7722fed8fd41_20220530_070014
Folder does not exist bdsp/opendata/EEG/data/S0001/cEEG/04f00939b5c7792c53bc9d7f6bb0c8a6f9aa5ee0df598653dfd685949d41ad62_20200512_122316
Folder does not exist bdsp/opendata/EEG/data/S0001/cEEG/04f00939b5c7792c53bc9d7f6bb0c8a6f9aa5ee0df598653dfd685949d41ad62_20200513_060043
Folder does not exist bdsp/opendata/EEG/data/S0002/rEEG/04f0b9e7a4d9b0d5952e7b27f16931c9eff595b66bd8acdf23c4cac5e1bb919d_20200902_110001
Folder does not exist bdsp/opendata/EEG/data/S0001/cEEG/04f1c19539c875fc00789fac5f3f8955e99a9c1410f85c9a979ffac3c5b263e8_20181015_044411
Folder does not exist bdsp/opendata/EEG/data/S0001/rEEG/04f1fbcb0ab8a61f911fd92e0ef15530ed2a900554c31f936cb5e2ee1b8c179a_20210930_144225
Folder does not exist bdsp/opendata/EEG/data/S0001/rEEG/04f2b5bede2afc639fe3cd895bd6c2cf25e1baf24015250f601083d2b8344e22_20140422_110042
Folder does not exist bdsp/opendata/EEG/data/S0001/cEEG/04f2b5bede2afc639fe3cd895bd6c2cf25e1baf24015250f601083d2b8344e22_20140428_101439
Folder does not exist bdsp/opendata/EEG/data/S0001/rEEG/04f3304f78ebc20e1231e9ed05394c8bcb08d92359490696e337c0df94ec89fa_20160114_151939
Folder does not exist bdsp/opendata/EEG/data/S0002/rEEG/04f464f1023a6b37a706a7ebabcd020c5676cd5bd77e24185467eaa9ef5b0d21_20141216_093323
Folder does not exist bdsp/opendata/EEG/data/S0002/cEEG/04f5e906fd05e612212e16e08737664afb5b02aed151b9fad7e372ee03f66aa2_20210827_120105
Folder does not exist bdsp/opendata/EEG/data/S0002/cEEG/04f5e906fd05e612212e16e08737664afb5b02aed151b9fad7e372ee03f66aa2_20210828_070029
Folder does not exist bdsp/opendata/EEG/data/S0001/rEEG/04f636745ff399ba4a946d7c9c7391dfe76ef54df27f3933b5b4e64c2eff735d_20220311_080213
Folder does not exist bdsp/opendata/EEG/data/S0001/rEEG/04f721e6b86907be83b0cb0a414b59c38318a506032239cd0d1fa2b8232b28b5_20120605_102226
Folder does not exist bdsp/opendata/EEG/data/S0001/rEEG/04f721e6b86907be83b0cb0a414b59c38318a506032239cd0d1fa2b8232b28b5_20150324_101245
Folder does not exist bdsp/opendata/EEG/data/S0002/rEEG/04f856a146bdf692eacfff43081e4edadd8142a9e35943cfcfaebdce1014b448_20181211_130914
Folder does not exist bdsp/opendata/EEG/data/S0002/rEEG/04f856a146bdf692eacfff43081e4edadd8142a9e35943cfcfaebdce1014b448_20200622_135617
Folder does not exist bdsp/opendata/EEG/data/S0002/cEEG/04f885d5d9a3548249a74c9a91864f238ba1ecdf33630ce0600a53a1cbbfc3ba_20200728_063245
Folder does not exist bdsp/opendata/EEG/data/S0002/rEEG/04fa2ac2b480181ce89fe1e728cf7836762575ccfee69f354aa17b7bb99f0ccd_20211203_160203
Folder does not exist bdsp/opendata/EEG/data/S0002/cEEG/04fa2ac2b480181ce89fe1e728cf7836762575ccfee69f354aa17b7bb99f0ccd_20211205_100630
Folder does not exist bdsp/opendata/EEG/data/S0002/cEEG/04fa2ac2b480181ce89fe1e728cf7836762575ccfee69f354aa17b7bb99f0ccd_20211206_070011
Folder does not exist bdsp/opendata/EEG/data/S0002/cEEG/04fa2ac2b480181ce89fe1e728cf7836762575ccfee69f354aa17b7bb99f0ccd_20220128_100424
Folder does not exist bdsp/opendata/EEG/data/S0002/cEEG/04fcafa0d0e57f6fcd196c3e651078a301fc9e221749caff07ff6a2d1ed5c7c0_20191213_080608
Folder does not exist bdsp/opendata/EEG/data/S0002/cEEG/04fcafa0d0e57f6fcd196c3e651078a301fc9e221749caff07ff6a2d1ed5c7c0_20191215_070024
Folder does not exist bdsp/opendata/EEG/data/S0001/cEEG/04ffbc34e7c92ba30d85b2bdd7952259f563deb3ebd372fe8af1c0a0d52dcfbb_20180503_093349
Folder does not exist bdsp/opendata/EEG/data/S0001/cEEG/04ffbc34e7c92ba30d85b2bdd7952259f563deb3ebd372fe8af1c0a0d52dcfbb_20180503_101538
Folder does not exist bdsp/opendata/EEG/data/S0001/cEEG/04ffbc34e7c92ba30d85b2bdd7952259f563deb3ebd372fe8af1c0a0d52dcfbb_20180503_120206
Folder does not exist bdsp/opendata/EEG/data/S0001/cEEG/04ffbc34e7c92ba30d85b2bdd7952259f563deb3ebd372fe8af1c0a0d52dcfbb_20180504_045641
Folder does not exist bdsp/opendata/EEG/data/S0001/cEEG/04ffbc34e7c92ba30d85b2bdd7952259f563deb3ebd372fe8af1c0a0d52dcfbb_20180505_041523
Folder does not exist bdsp/opendata/EEG/data/S0001/cEEG/04ffbc34e7c92ba30d85b2bdd7952259f563deb3ebd372fe8af1c0a0d52dcfbb_20180507_044422
Folder does not exist bdsp/opendata/EEG/data/S0001/cEEG/04ffbc34e7c92ba30d85b2bdd7952259f563deb3ebd372fe8af1c0a0d52dcfbb_20180508_052033
Folder does not exist bdsp/opendata/EEG/data/S0002/cEEG/05020630290e52b154bee42eb242d5db8f445dccbc7ea20e920e23dc54ef0760_20180403_094456
Folder does not exist bdsp/opendata/EEG/data/S0002/cEEG/05020630290e52b154bee42eb242d5db8f445dccbc7ea20e920e23dc54ef0760_20180403_195335
Folder does not exist bdsp/opendata/EEG/data/S0002/cEEG/05020630290e52b154bee42eb242d5db8f445dccbc7ea20e920e23dc54ef0760_20180404_062506
Folder does not exist bdsp/opendata/EEG/data/S0002/cEEG/05020630290e52b154bee42eb242d5db8f445dccbc7ea20e920e23dc54ef0760_20180404_133537
Folder does not exist bdsp/opendata/EEG/data/S0002/cEEG/05020630290e52b154bee42eb242d5db8f445dccbc7ea20e920e23dc54ef0760_20180404_140218
Folder does not exist bdsp/opendata/EEG/data/S0002/rEEG/050879d54e8ca214060f4c03ef951d69a044d99fd6d0d6bed4d7b5268f6685e6_20151114_135537
Folder does not exist bdsp/opendata/EEG/data/S0002/EEG/050879d54e8ca214060f4c03ef951d69a044d99fd6d0d6bed4d7b5268f6685e6_20151224_105306
Folder does not exist bdsp/opendata/EEG/data/S0002/rEEG/050879d54e8ca214060f4c03ef951d69a044d99fd6d0d6bed4d7b5268f6685e6_20160802_082516
Folder does not exist bdsp/opendata/EEG/data/S0002/EMU/050879d54e8ca214060f4c03ef951d69a044d99fd6d0d6bed4d7b5268f6685e6_20170410_101827
Folder does not exist bdsp/opendata/EEG/data/S0002/EMU/050879d54e8ca214060f4c03ef951d69a044d99fd6d0d6bed4d7b5268f6685e6_20170410_170420
Folder does not exist bdsp/opendata/EEG/data/S0002/EMU/050879d54e8ca214060f4c03ef951d69a044d99fd6d0d6bed4d7b5268f6685e6_20170411_003658
Folder does not exist bdsp/opendata/EEG/data/S0002/EMU/050879d54e8ca214060f4c03ef951d69a044d99fd6d0d6bed4d7b5268f6685e6_20170411_060440
Folder does not exist bdsp/opendata/EEG/data/S0002/EMU/050879d54e8ca214060f4c03ef951d69a044d99fd6d0d6bed4d7b5268f6685e6_20170411_062818
Folder does not exist bdsp/opendata/EEG/data/S0002/EMU/050879d54e8ca214060f4c03ef951d69a044d99fd6d0d6bed4d7b5268f6685e6_20170411_094050
Folder does not exist bdsp/opendata/EEG/data/S0001/rEEG/0508de75ed86f1af9483b27f955bc81a3ce5741d8e9d8440d5a7de2e08f1f617_20210902_121922
Folder does not exist bdsp/opendata/EEG/data/S0001/rEEG/0508de75ed86f1af9483b27f955bc81a3ce5741d8e9d8440d5a7de2e08f1f617_20210905_120624
Folder does not exist bdsp/opendata/EEG/data/S0002/cEEG/050a76d67082e9e398bb91c7514caab894b15baecf32d0b1c2902a3c27ddc337_20080603_134207
Folder does not exist bdsp/opendata/EEG/data/S0001/cEEG/050c26b331325554684b4871fe0ccffdfbd268890a83ae1ec175f6548853de9a_20140724_090520
Folder does not exist bdsp/opendata/EEG/data/S0001/cEEG/050c26b331325554684b4871fe0ccffdfbd268890a83ae1ec175f6548853de9a_20140724_100027
Folder does not exist bdsp/opendata/EEG/data/S0001/cEEG/050c26b331325554684b4871fe0ccffdfbd268890a83ae1ec175f6548853de9a_20140804_134817
Folder does not exist bdsp/opendata/EEG/data/S0001/cEEG/050c26b331325554684b4871fe0ccffdfbd268890a83ae1ec175f6548853de9a_20140804_145054
Folder does not exist bdsp/opendata/EEG/data/S0001/cEEG/050c26b331325554684b4871fe0ccffdfbd268890a83ae1ec175f6548853de9a_20141112_225522
Folder does not exist bdsp/opendata/EEG/data/S0001/cEEG/050c26b331325554684b4871fe0ccffdfbd268890a83ae1ec175f6548853de9a_20141113_020414
Folder does not exist bdsp/opendata/EEG/data/S0001/cEEG/050c26b331325554684b4871fe0ccffdfbd268890a83ae1ec175f6548853de9a_20141113_030504
Folder does not exist bdsp/opendata/EEG/data/S0001/cEEG/050c26b331325554684b4871fe0ccffdfbd268890a83ae1ec175f6548853de9a_20141114_081024
Folder does not exist bdsp/opendata/EEG/data/S0001/cEEG/050c26b331325554684b4871fe0ccffdfbd268890a83ae1ec175f6548853de9a_20141115_091702
Folder does not exist bdsp/opendata/EEG/data/S0001/rEEG/050c26b331325554684b4871fe0ccffdfbd268890a83ae1ec175f6548853de9a_20141119_093358
Folder does not exist bdsp/opendata/EEG/data/S0001/rEEG/050c26b331325554684b4871fe0ccffdfbd268890a83ae1ec175f6548853de9a_20141121_120821
Folder does not exist bdsp/opendata/EEG/data/S0001/cEEG/050c26b331325554684b4871fe0ccffdfbd268890a83ae1ec175f6548853de9a_20141124_123305
Folder does not exist bdsp/opendata/EEG/data/S0001/cEEG/050c26b331325554684b4871fe0ccffdfbd268890a83ae1ec175f6548853de9a_20141128_044206
Folder does not exist bdsp/opendata/EEG/data/S0001/cEEG/050c26b331325554684b4871fe0ccffdfbd268890a83ae1ec175f6548853de9a_20141220_151357
Folder does not exist bdsp/opendata/EEG/data/S0001/rEEG/050c26b331325554684b4871fe0ccffdfbd268890a83ae1ec175f6548853de9a_20150128_135146
Folder does not exist bdsp/opendata/EEG/data/S0001/rEEG/050ccd2268a4d858411f8b55f5531108db01e3f21896bc2994881d3d6cd93ed7_20201220_155720
Folder does not exist bdsp/opendata/EEG/data/S0001/rEEG/050ce96a41bfb174f4a7ff7f2b4b3b5ed5f6f41e46e57ff27a89f24398ea4586_20170725_115043
Folder does not exist bdsp/opendata/EEG/data/S0002/rEEG/0513ba717f38a976554a6bce61369febf3ccefc969c8cc685cc6927f9f474b0e_20081103_153239
Folder does not exist bdsp/opendata/EEG/data/S0001/rEEG/0513e4403534d2145ef41f59777f25b10fd7d7c059043b0e0744da3df6d467fe_20200105_145300
Folder does not exist bdsp/opendata/EEG/data/S0001/rEEG/0515bef26977f8a5724a892fd466be12b23d64c6462f923e88b86a1cb59a6a5d_20170820_104551
Folder does not exist bdsp/opendata/EEG/data/S0001/rEEG/0515bef26977f8a5724a892fd466be12b23d64c6462f923e88b86a1cb59a6a5d_20210826_095237
Folder does not exist bdsp/opendata/EEG/data/S0001/rEEG/0517445dbc559a373cc9d87fb1c41fcbb35bdecb691baddebfa1afce20d51616_20211116_081028
Folder does not exist bdsp/opendata/EEG/data/S0002/rEEG/0519309704cffc5284a522632a0e8391681db2c9305ee41b23cb5e5cf1d7a6d0_20210625_074012
Folder does not exist bdsp/opendata/EEG/data/S0001/rEEG/0519f51dfff873e52b4f7cf91fc2e9b02676e35c5602fdd94839c392d3b0ac0e_20111104_085436
Folder does not exist bdsp/opendata/EEG/data/S0002/EEG/0519f51dfff873e52b4f7cf91fc2e9b02676e35c5602fdd94839c392d3b0ac0e_20150711_120537
Folder does not exist bdsp/opendata/EEG/data/S0001/rEEG/051a872c50ac0d7267d1cf49b0e4801331318f1b1df9de99ace38fd8cf72ca79_20151008_160740
Folder does not exist bdsp/opendata/EEG/data/S0002/cEEG/051b5a69db66d6ee91fa7e72f4d05b91e2d80813caf219c99b8e0321293820e1_20180329_004636
Folder does not exist bdsp/opendata/EEG/data/S0002/cEEG/051b5a69db66d6ee91fa7e72f4d05b91e2d80813caf219c99b8e0321293820e1_20180330_075342
Folder does not exist bdsp/opendata/EEG/data/S0001/cEEG/051d75232c2b3b87462c1e43f614faa2d716edf23921a25e5c779984b098092d_20201107_095159
Folder does not exist bdsp/opendata/EEG/data/S0002/rEEG/051d856639480dbf8996f7ea41fe3cdba3a142ba8549e9e74dbe35e7c7a335f1_20160831_112603
Folder does not exist bdsp/opendata/EEG/data/S0001/rEEG/051db3d818cba6317f78e4983c12107bc90c4da6021eb8f88af817f65a70893e_20130101_120343
Folder does not exist bdsp/opendata/EEG/data/S0001/rEEG/051db3d818cba6317f78e4983c12107bc90c4da6021eb8f88af817f65a70893e_20180313_115043
Folder does not exist bdsp/opendata/EEG/data/S0001/rEEG/051dd3cf2d958601d37b86979c3683a9ca174cb8709d3a6044f669cd9fe04cf9_20130520_150620
Folder does not exist bdsp/opendata/EEG/data/S0002/cEEG/051e090ae2992ca76a0604fd5baab8d5bdccfbeb9a7b846dc60c8d356ac6f11a_20200331_094756
Folder does not exist bdsp/opendata/EEG/data/S0002/cEEG/051e090ae2992ca76a0604fd5baab8d5bdccfbeb9a7b846dc60c8d356ac6f11a_20200401_062758
Folder does not exist bdsp/opendata/EEG/data/S0002/rEEG/051e2df1c90e792eb359f27667fad2e91ee9b0a6820425a47bc2d6311497bce2_20160404_082643
Folder does not exist bdsp/opendata/EEG/data/S0002/rEEG/051f879a015d821caad8262c469cbf589f502a9064c4f94a93e782390cea4554_20130115_141709
Folder does not exist bdsp/opendata/EEG/data/S0001/rEEG/0520a8d6d6540b29e16ef3c40191eb6b4af9bb8622559c62d42500358c57b6c4_20160624_100310
Folder does not exist bdsp/opendata/EEG/data/S0001/cEEG/0520a8d6d6540b29e16ef3c40191eb6b4af9bb8622559c62d42500358c57b6c4_20180104_173340
Folder does not exist bdsp/opendata/EEG/data/S0001/cEEG/0520a8d6d6540b29e16ef3c40191eb6b4af9bb8622559c62d42500358c57b6c4_20180104_181446
Folder does not exist bdsp/opendata/EEG/data/S0001/cEEG/0520a8d6d6540b29e16ef3c40191eb6b4af9bb8622559c62d42500358c57b6c4_20180104_201904
Folder does not exist bdsp/opendata/EEG/data/S0001/cEEG/0520a8d6d6540b29e16ef3c40191eb6b4af9bb8622559c62d42500358c57b6c4_20180104_203403
Folder does not exist bdsp/opendata/EEG/data/S0001/cEEG/0520a8d6d6540b29e16ef3c40191eb6b4af9bb8622559c62d42500358c57b6c4_20180106_074342
Folder does not exist bdsp/opendata/EEG/data/S0001/cEEG/0520a8d6d6540b29e16ef3c40191eb6b4af9bb8622559c62d42500358c57b6c4_20180222_154656
Folder does not exist bdsp/opendata/EEG/data/S0001/cEEG/0520a8d6d6540b29e16ef3c40191eb6b4af9bb8622559c62d42500358c57b6c4_20180223_050242
Folder does not exist bdsp/opendata/EEG/data/S0002/cEEG/0523cbba872a6c19609f7e8b7f119aa2c21800d0d8136ebd44b8ba8fc22dcc28_20150807_164553
Folder does not exist bdsp/opendata/EEG/data/S0001/rEEG/05261464aa0591ed881c6290d84e50da993c62601a184ac24197ca245c9b195d_20220314_144623
Folder does not exist bdsp/opendata/EEG/data/S0002/rEEG/0528f9dd1cb1f4ac907f2f589b58efc756ed8a09bb4e33ecbdda7110cff41df0_20101127_102808
Folder does not exist bdsp/opendata/EEG/data/S0001/rEEG/05291b1a7627d584c6809028b0dece6cd098b7fb449da8ecb28c6c8d96f0f93e_20200427_095031
Folder does not exist bdsp/opendata/EEG/data/S0002/rEEG/052923583edc46f1012d29f266aa02fc0507b7b86cc1c4d799013b688653771e_20190415_092503
Folder does not exist bdsp/opendata/EEG/data/S0001/cEEG/0529294a8783db66bcda2bdf7ebd803c94e653213d15a2cd8632186ce66963d6_20130622_110008
Folder does not exist bdsp/opendata/EEG/data/S0001/cEEG/0529294a8783db66bcda2bdf7ebd803c94e653213d15a2cd8632186ce66963d6_20130623_082445
Folder does not exist bdsp/opendata/EEG/data/S0001/rEEG/052a98f90e4d6bef21190c647e9fd5ccb2744358affb31f4ed8c83a5df4d0da3_20211124_091217
Folder does not exist bdsp/opendata/EEG/data/S0001/rEEG/052b729a06fd0edcd21b2c101c0af9941d5f166089c0e2558fbff3a3dd732c86_20160331_122022
Folder does not exist bdsp/opendata/EEG/data/S0001/rEEG/052b729a06fd0edcd21b2c101c0af9941d5f166089c0e2558fbff3a3dd732c86_20160415_112742
Folder does not exist bdsp/opendata/EEG/data/S0001/rEEG/052e485c96e4ef28631eb7c08779810eb361b1a5c775d63015836b7b9b15f9e9_20181111_093109
Folder does not exist bdsp/opendata/EEG/data/S0002/EEG/052ea9f48fc882b75e10ede5bad19e71cabb689123c9aa7b926efe1aa2a73375_20141205_145804
Folder does not exist bdsp/opendata/EEG/data/S0002/rEEG/052ea9f48fc882b75e10ede5bad19e71cabb689123c9aa7b926efe1aa2a73375_20190128_125038
Folder does not exist bdsp/opendata/EEG/data/S0002/rEEG/052f03a8f0762b5a40a7ef19eae81a01ce8ce67a37cc5cbd5613660aed856852_20210328_080509
Folder does not exist bdsp/opendata/EEG/data/S0001/cEEG/053108fc7456f03ab638a72ae1f27a5cfdc151afc26862abcffa3d3c4b4e7562_20170105_143706
Folder does not exist bdsp/opendata/EEG/data/S0001/cEEG/053108fc7456f03ab638a72ae1f27a5cfdc151afc26862abcffa3d3c4b4e7562_20170108_082023
Folder does not exist bdsp/opendata/EEG/data/S0001/cEEG/053108fc7456f03ab638a72ae1f27a5cfdc151afc26862abcffa3d3c4b4e7562_20170713_152421
Folder does not exist bdsp/opendata/EEG/data/S0001/cEEG/053108fc7456f03ab638a72ae1f27a5cfdc151afc26862abcffa3d3c4b4e7562_20170714_081349
Folder does not exist bdsp/opendata/EEG/data/S0001/cEEG/053108fc7456f03ab638a72ae1f27a5cfdc151afc26862abcffa3d3c4b4e7562_20170716_085138
Folder does not exist bdsp/opendata/EEG/data/S0001/cEEG/0533d27a83c5db9ebe1c9ca43140b867e26e33a56355fd62af5255def252882e_20180127_031718
Folder does not exist bdsp/opendata/EEG/data/S0001/cEEG/0533d27a83c5db9ebe1c9ca43140b867e26e33a56355fd62af5255def252882e_20180127_042744
Folder does not exist bdsp/opendata/EEG/data/S0002/cEEG/05344072e2bd1129e60b8bf0b65c72427ebbcea358815a3cb261a8abfc1f06a7_20171008_174124
Folder does not exist bdsp/opendata/EEG/data/S0001/cEEG/0534f77887f083b80895daedaabdba0516ddc37d775f04084b6aaf464f98ea5a_20150221_154358
Folder does not exist bdsp/opendata/EEG/data/S0001/cEEG/0534f77887f083b80895daedaabdba0516ddc37d775f04084b6aaf464f98ea5a_20150222_143731
Folder does not exist bdsp/opendata/EEG/data/S0001/cEEG/0534f77887f083b80895daedaabdba0516ddc37d775f04084b6aaf464f98ea5a_20150222_153734
Folder does not exist bdsp/opendata/EEG/data/S0002/rEEG/053661105ae55368a868e0c0da8f64ed891e9559024e8a31b26de320a46e3744_20160821_144156
Folder does not exist bdsp/opendata/EEG/data/S0002/rEEG/053661105ae55368a868e0c0da8f64ed891e9559024e8a31b26de320a46e3744_20161010_084730
Folder does not exist bdsp/opendata/EEG/data/S0001/cEEG/053b76a22b6661f898d29d361e283942581cc2672a4ab21e32f27ab4fe46c447_20140328_171830
Folder does not exist bdsp/opendata/EEG/data/S0001/rEEG/053c6d8af758bc90f777690f37961cf43dae9cefd396bb34b1d6197dc73399ef_20130201_101405
Folder does not exist bdsp/opendata/EEG/data/S0002/EEG/053c8091117a60fcf61bd8a5a8c9a6444cd9d910b61e89f1f596ca9eacf47624_20141019_142430
Folder does not exist bdsp/opendata/EEG/data/S0001/rEEG/053ec160954b31e8e45a1f073282bae84949a27bfe9435917073c95d87b26bfe_20140505_122035
Folder does not exist bdsp/opendata/EEG/data/S0001/rEEG/053ec93c0ca946165ceb3fb45c8dbc372fb16c7beda338324472ab7a5f01aad5_20080313_100706
Folder does not exist bdsp/opendata/EEG/data/S0001/rEEG/053f4b50f8c6531e1f91179e0f9345be1d4b9f7c977b16187a943bca7071ad7c_20200818_081920
Folder does not exist bdsp/opendata/EEG/data/S0001/cEEG/053f4e28394b34b33d82fc25de87416d9e9fa4fef5af5b6c07d74db2199d05ad_20161227_093901
Folder does not exist bdsp/opendata/EEG/data/S0001/cEEG/053f4e28394b34b33d82fc25de87416d9e9fa4fef5af5b6c07d74db2199d05ad_20161227_101526
Folder does not exist bdsp/opendata/EEG/data/S0001/cEEG/053f4e28394b34b33d82fc25de87416d9e9fa4fef5af5b6c07d74db2199d05ad_20161230_083707
Folder does not exist bdsp/opendata/EEG/data/S0001/rEEG/053f4e28394b34b33d82fc25de87416d9e9fa4fef5af5b6c07d74db2199d05ad_20170910_095250
Folder does not exist bdsp/opendata/EEG/data/S0001/rEEG/053f4e28394b34b33d82fc25de87416d9e9fa4fef5af5b6c07d74db2199d05ad_20181123_134847
Folder does not exist bdsp/opendata/EEG/data/S0002/cEEG/0540bd1d5735b088abdc1edc60c86b46f197d217dc27b7f25dd3f3616a91f272_20180512_090803
Folder does not exist bdsp/opendata/EEG/data/S0002/cEEG/0540bd1d5735b088abdc1edc60c86b46f197d217dc27b7f25dd3f3616a91f272_20180605_230341
Folder does not exist bdsp/opendata/EEG/data/S0002/cEEG/0540bd1d5735b088abdc1edc60c86b46f197d217dc27b7f25dd3f3616a91f272_20180606_124206
Folder does not exist bdsp/opendata/EEG/data/S0001/rEEG/05423c568e847c36b259036a8aa4f849f4002f64ccb8eaec876abfc4287623d1_20121222_160307
Folder does not exist bdsp/opendata/EEG/data/S0001/rEEG/05432952c1bb92471166b8120ac576929ee1be842816d740f74b93b13706c54e_20220611_080725
Folder does not exist bdsp/opendata/EEG/data/S0002/cEEG/0543393f1da70ec74066d128e02bbb803889ffb1a181d392ca9d6fec63087bee_20170513_114959
Folder does not exist bdsp/opendata/EEG/data/S0002/cEEG/0543393f1da70ec74066d128e02bbb803889ffb1a181d392ca9d6fec63087bee_20170514_062027
Folder does not exist bdsp/opendata/EEG/data/S0001/rEEG/05444690060238d3e8f9b515ec79814d0c0940aceb2f4fb842f6944c7b939e29_20140712_090916
Folder does not exist bdsp/opendata/EEG/data/S0002/rEEG/05447e12cfed00ddb7823148c3eacb93e36479628e4cb108f458861ce992c568_20171006_093118
Folder does not exist bdsp/opendata/EEG/data/S0001/rEEG/05448ca91a3cdb012287e5380b2867e394a6cca8f6e1b60f5adbf47a3ad28c78_20180303_115145
Folder does not exist bdsp/opendata/EEG/data/S0001/cEEG/05448ca91a3cdb012287e5380b2867e394a6cca8f6e1b60f5adbf47a3ad28c78_20180828_101358
Folder does not exist bdsp/opendata/EEG/data/S0002/cEEG/0544dc8a6d74e87c66e5e3886bfcbffe5a8cbb603c4155a0a88e36bac835c454_20171101_173530
Folder does not exist bdsp/opendata/EEG/data/S0002/rEEG/0549107f4b3f872e2e4130130b1defd8418b58e3d4c964d6f2dfa6e450db8e2c_20201119_104616
Folder does not exist bdsp/opendata/EEG/data/S0001/rEEG/054a6c45c4e43fcc083594260aeab8165a81aaf808254d4403ad6c0a73270617_20220727_111045
Folder does not exist bdsp/opendata/EEG/data/S0002/rEEG/054b0baa9f2470301b996edd642c61d2422f5dca92c5d94bf17d171b16d05f08_20130708_145935
Folder does not exist bdsp/opendata/EEG/data/S0001/rEEG/054d66bc2acd5b246683ae5c5c035c55a7ed9e876f3ffc26562754722a62864c_20120507_145617
Folder does not exist bdsp/opendata/EEG/data/S0001/rEEG/054f07f05de911e19f1da8fef909730c7e2ce6a0cb2705196a1e19f75e212ffb_20140210_150552
Folder does not exist bdsp/opendata/EEG/data/S0001/rEEG/054f07f05de911e19f1da8fef909730c7e2ce6a0cb2705196a1e19f75e212ffb_20140213_161719
Folder does not exist bdsp/opendata/EEG/data/S0002/rEEG/0551c77ad6a950c0b44de3e853947d11573a7e75125b4ebbc9ab9720cfef2904_20061226_122917
Folder does not exist bdsp/opendata/EEG/data/S0002/rEEG/0553aa7c54195f36cddbf492f23c44706f51b7d5425003669a03cb736b4509ff_20170611_080519
Folder does not exist bdsp/opendata/EEG/data/S0001/rEEG/05547b2952ff17ee145b74dbfe8a8dc8a1122a13afec15b04e698c2f6239587c_20220217_080833
Folder does not exist bdsp/opendata/EEG/data/S0002/rEEG/0554ec217ca94254d786a680699159ea3b9679f12cafe69eb9ea844cd810ffa3_20060609_140208
Folder does not exist bdsp/opendata/EEG/data/S0001/rEEG/055932fed48ef4972ae40e750a52c73c1ac83d38473a46415ecc526a621e453e_20190525_101059
Folder does not exist bdsp/opendata/EEG/data/S0001/cEEG/055a63d22f07bf6bae7cd8f1649ee1cfbde00a1f507d1877a659ac2f973be317_20200630_120134
Folder does not exist bdsp/opendata/EEG/data/S0001/cEEG/055a63d22f07bf6bae7cd8f1649ee1cfbde00a1f507d1877a659ac2f973be317_20200701_060029
Folder does not exist bdsp/opendata/EEG/data/S0001/cEEG/055a63d22f07bf6bae7cd8f1649ee1cfbde00a1f507d1877a659ac2f973be317_20200707_154511
Folder does not exist bdsp/opendata/EEG/data/S0001/cEEG/055a63d22f07bf6bae7cd8f1649ee1cfbde00a1f507d1877a659ac2f973be317_20200708_060027
Folder does not exist bdsp/opendata/EEG/data/S0001/rEEG/055aa8c8fcf7f1ce821983160a56727250b4e63f59ff50cd7f6fbe1afcb6c48b_20120816_101521
Folder does not exist bdsp/opendata/EEG/data/S0001/rEEG/055ccdd2c756e1839ba09326dc97e6f9c9ec717a1c2e5dcb74a5e16480d9be24_20130325_100835
Folder does not exist bdsp/opendata/EEG/data/S0002/rEEG/055d63c82d8d91a240d5bc6cd302cf48faf78dd0963bfe834fb5ef855ed3477d_20110907_123651
Folder does not exist bdsp/opendata/EEG/data/S0002/rEEG/055dee0ee76dd3fc095bf7eb5fddd5d4cab3b091bea707b6f3384060b7273bc7_20100312_090555
Folder does not exist bdsp/opendata/EEG/data/S0002/cEEG/055e5422fd962e0714f0010d8fb718754386ea51f1b33dd143942a1d1d13b867_20140721_213026
Folder does not exist bdsp/opendata/EEG/data/S0002/cEEG/055e5422fd962e0714f0010d8fb718754386ea51f1b33dd143942a1d1d13b867_20140722_000041
Folder does not exist bdsp/opendata/EEG/data/S0002/EMU/055e5422fd962e0714f0010d8fb718754386ea51f1b33dd143942a1d1d13b867_20140727_231400
Folder does not exist bdsp/opendata/EEG/data/S0002/EMU/055e5422fd962e0714f0010d8fb718754386ea51f1b33dd143942a1d1d13b867_20140727_233739
Folder does not exist bdsp/opendata/EEG/data/S0002/EMU/055e5422fd962e0714f0010d8fb718754386ea51f1b33dd143942a1d1d13b867_20140728_070753
Folder does not exist bdsp/opendata/EEG/data/S0002/EMU/055e5422fd962e0714f0010d8fb718754386ea51f1b33dd143942a1d1d13b867_20140728_071733
Folder does not exist bdsp/opendata/EEG/data/S0002/EMU/055e5422fd962e0714f0010d8fb718754386ea51f1b33dd143942a1d1d13b867_20190814_203318
Folder does not exist bdsp/opendata/EEG/data/S0002/EMU/055e5422fd962e0714f0010d8fb718754386ea51f1b33dd143942a1d1d13b867_20190814_225522
Folder does not exist bdsp/opendata/EEG/data/S0002/EMU/055e5422fd962e0714f0010d8fb718754386ea51f1b33dd143942a1d1d13b867_20190815_012639
Folder does not exist bdsp/opendata/EEG/data/S0002/EMU/055e5422fd962e0714f0010d8fb718754386ea51f1b33dd143942a1d1d13b867_20190815_035820
Folder does not exist bdsp/opendata/EEG/data/S0002/EMU/055e5422fd962e0714f0010d8fb718754386ea51f1b33dd143942a1d1d13b867_20190815_111005
Folder does not exist bdsp/opendata/EEG/data/S0002/EMU/055e5422fd962e0714f0010d8fb718754386ea51f1b33dd143942a1d1d13b867_20190815_120047
Folder does not exist bdsp/opendata/EEG/data/S0001/rEEG/055f09f088da7bde71e7b5888030cc04112721263fcec0eac7fead3d84e3655b_20140518_152205
Folder does not exist bdsp/opendata/EEG/data/S0001/rEEG/05623deac629057d8fd377cd87a7822d7c3a40c3ac641286b917695e3b0276b3_20181030_153813
Folder does not exist bdsp/opendata/EEG/data/S0001/cEEG/0562b6da16230b090785ff6e29ff70644e9344dab2ad999ad7c180bda941213f_20100829_230135
Folder does not exist bdsp/opendata/EEG/data/S0001/cEEG/0562b6da16230b090785ff6e29ff70644e9344dab2ad999ad7c180bda941213f_20100908_090117
Folder does not exist bdsp/opendata/EEG/data/S0001/cEEG/0562b6da16230b090785ff6e29ff70644e9344dab2ad999ad7c180bda941213f_20100929_103144
Folder does not exist bdsp/opendata/EEG/data/S0002/rEEG/056479dac0e44e3e7f091aa52170ddccf9bb6134fb7394c5a320a31dce91f84f_20180609_073237
Folder does not exist bdsp/opendata/EEG/data/S0002/rEEG/05656f7951d42512c52441d3f511e53dcd1a89c41eb21a98711bee99414602c0_20160506_092322
Folder does not exist bdsp/opendata/EEG/data/S0002/EMU/05656f7951d42512c52441d3f511e53dcd1a89c41eb21a98711bee99414602c0_20171104_201005
Folder does not exist bdsp/opendata/EEG/data/S0002/EMU/05656f7951d42512c52441d3f511e53dcd1a89c41eb21a98711bee99414602c0_20171105_043856
Folder does not exist bdsp/opendata/EEG/data/S0002/EMU/05656f7951d42512c52441d3f511e53dcd1a89c41eb21a98711bee99414602c0_20171105_070153
Folder does not exist bdsp/opendata/EEG/data/S0002/EMU/05656f7951d42512c52441d3f511e53dcd1a89c41eb21a98711bee99414602c0_20171105_090225
Folder does not exist bdsp/opendata/EEG/data/S0002/rEEG/05679ad0044bc037aa7761002ac3fc7d9ff328776595f7ea6d6a5e63327db092_20070216_101144
Folder does not exist bdsp/opendata/EEG/data/S0002/rEEG/05679ad0044bc037aa7761002ac3fc7d9ff328776595f7ea6d6a5e63327db092_20120310_090331
Folder does not exist bdsp/opendata/EEG/data/S0001/rEEG/0567e555e1739315621f6c951ac6e33ba95603e61fffb3a1cff1fe57687a2424_20210912_085640
Folder does not exist bdsp/opendata/EEG/data/S0001/rEEG/05684b8dae69e51f574ea22e77b2d94a413c272cc3c139b8d4d121a9161ba8b7_20210124_142245
Folder does not exist bdsp/opendata/EEG/data/S0001/rEEG/05693ab1c4656c5b1d2003e6a402242b3c361b8aae3a06572dc651f69713d7b8_20150702_113222
Folder does not exist bdsp/opendata/EEG/data/S0001/rEEG/0569b5ece8f9071a81354564e5f4eba7947335e0734ee13237ea8225ed96e502_20200418_074900
Folder does not exist bdsp/opendata/EEG/data/S0001/rEEG/056b46844fa1c1d0ffe489ed247d112949abc75111b23cda01da13d0deae6401_20180301_075731
Folder does not exist bdsp/opendata/EEG/data/S0001/rEEG/056c4231d3b3b51bda8fe1a9e8ab30fc8c3ff4b46f744cb69bbdf75254d4899f_20120124_161915
Folder does not exist bdsp/opendata/EEG/data/S0001/rEEG/056c4231d3b3b51bda8fe1a9e8ab30fc8c3ff4b46f744cb69bbdf75254d4899f_20130911_120143
Folder does not exist bdsp/opendata/EEG/data/S0001/cEEG/056c4231d3b3b51bda8fe1a9e8ab30fc8c3ff4b46f744cb69bbdf75254d4899f_20130912_173730
Folder does not exist bdsp/opendata/EEG/data/S0001/rEEG/056c4231d3b3b51bda8fe1a9e8ab30fc8c3ff4b46f744cb69bbdf75254d4899f_20140110_135523
Folder does not exist bdsp/opendata/EEG/data/S0001/cEEG/056c4231d3b3b51bda8fe1a9e8ab30fc8c3ff4b46f744cb69bbdf75254d4899f_20140709_173626
Folder does not exist bdsp/opendata/EEG/data/S0001/rEEG/056c4231d3b3b51bda8fe1a9e8ab30fc8c3ff4b46f744cb69bbdf75254d4899f_20140709_182902
Folder does not exist bdsp/opendata/EEG/data/S0001/rEEG/056c4231d3b3b51bda8fe1a9e8ab30fc8c3ff4b46f744cb69bbdf75254d4899f_20140825_153855
Folder does not exist bdsp/opendata/EEG/data/S0001/rEEG/056c4231d3b3b51bda8fe1a9e8ab30fc8c3ff4b46f744cb69bbdf75254d4899f_20150228_105805
Folder does not exist bdsp/opendata/EEG/data/S0002/cEEG/056f5ac184ecf282a02427b414c2fac24ac54466441537645e7b7da026915ade_20190530_063023
Folder does not exist bdsp/opendata/EEG/data/S0002/cEEG/056f5ac184ecf282a02427b414c2fac24ac54466441537645e7b7da026915ade_20190604_093707
Folder does not exist bdsp/opendata/EEG/data/S0002/cEEG/056fb6b9c82f993757700ad28e797188ad45af33fdaa7f312e062a0bc6d93241_20210910_070011
Folder does not exist bdsp/opendata/EEG/data/S0002/cEEG/056fb6b9c82f993757700ad28e797188ad45af33fdaa7f312e062a0bc6d93241_20210910_155907
Folder does not exist bdsp/opendata/EEG/data/S0002/cEEG/056fb6b9c82f993757700ad28e797188ad45af33fdaa7f312e062a0bc6d93241_20210910_182810
Folder does not exist bdsp/opendata/EEG/data/S0002/rEEG/056fb6b9c82f993757700ad28e797188ad45af33fdaa7f312e062a0bc6d93241_20210917_105058
Folder does not exist bdsp/opendata/EEG/data/S0002/cEEG/056fb6b9c82f993757700ad28e797188ad45af33fdaa7f312e062a0bc6d93241_20211030_070135
Folder does not exist bdsp/opendata/EEG/data/S0001/rEEG/0571bff72548edc5e9527512e661a91b5204840e965dd0999fa2e00bc6d60fd5_20200311_142402
Folder does not exist bdsp/opendata/EEG/data/S0002/rEEG/05732d68cecac122387e8a4f366d18881524f65576b4db3798f4414593ade2c6_20040708_132653
Folder does not exist bdsp/opendata/EEG/data/S0001/rEEG/05736eb830b7b09c981be5b21cbc2b708bba8f8cd32d66bffccd8e153e994bab_20130606_144700
Folder does not exist bdsp/opendata/EEG/data/S0001/rEEG/05736eb830b7b09c981be5b21cbc2b708bba8f8cd32d66bffccd8e153e994bab_20131002_121941
Folder does not exist bdsp/opendata/EEG/data/S0001/rEEG/05736eb830b7b09c981be5b21cbc2b708bba8f8cd32d66bffccd8e153e994bab_20131227_115615
Folder does not exist bdsp/opendata/EEG/data/S0001/rEEG/0576aa835f53512b5252a833931d9677412dd6b2713a0e12d3c1e5afb4fe88d6_20181113_112532
Folder does not exist bdsp/opendata/EEG/data/S0001/rEEG/0576aa835f53512b5252a833931d9677412dd6b2713a0e12d3c1e5afb4fe88d6_20191031_085525
Folder does not exist bdsp/opendata/EEG/data/S0001/rEEG/0577791c25c366f771ab47ad594fbd08ab0200b6b1d55404085f8b6b843a45f0_20210225_074931
Folder does not exist bdsp/opendata/EEG/data/S0001/cEEG/0578ae316c1e9cc99104807ef4614d740197bdba93e676f99bb028043e4c55e0_20151211_081515
Folder does not exist bdsp/opendata/EEG/data/S0001/cEEG/0578fdf2ac97617ebb8fc5e68a4325a848bed68994f8782120f99b8d45b4a547_20160417_091751
Folder does not exist bdsp/opendata/EEG/data/S0001/cEEG/0578fdf2ac97617ebb8fc5e68a4325a848bed68994f8782120f99b8d45b4a547_20160418_082658
Folder does not exist bdsp/opendata/EEG/data/S0001/cEEG/0578fdf2ac97617ebb8fc5e68a4325a848bed68994f8782120f99b8d45b4a547_20160419_085806
Folder does not exist bdsp/opendata/EEG/data/S0002/rEEG/057b6ab93fed1d6a9df43d537a8690e11562c73301b79fb45dbdbf6f2e3b3db8_20140102_124132
Folder does not exist bdsp/opendata/EEG/data/S0002/cEEG/057f3bc198f20b48b8447da9d0a5a6c25b57a58b5a8ed722ebc248385483bd34_20171228_080630
Folder does not exist bdsp/opendata/EEG/data/S0002/cEEG/057f3bc198f20b48b8447da9d0a5a6c25b57a58b5a8ed722ebc248385483bd34_20171229_091947
Folder does not exist bdsp/opendata/EEG/data/S0001/rEEG/057fc3cdb73beb0d48944e5f0deb2ec22ba8e583b24603b1a13aa4c8ebb476f2_20160324_105709
Folder does not exist bdsp/opendata/EEG/data/S0001/rEEG/057fc3cdb73beb0d48944e5f0deb2ec22ba8e583b24603b1a13aa4c8ebb476f2_20220629_172619
Folder does not exist bdsp/opendata/EEG/data/S0002/rEEG/05816289a57331c66e55fb4ca039cdcff64e8be0e731917ed49eb0a7a24f96d8_20100208_141945
Folder does not exist bdsp/opendata/EEG/data/S0001/rEEG/05819da5448ed96f4176e4da8b3087a72c686c51f025dd8f9ebedfc8015a2c73_20210826_222935
Folder does not exist bdsp/opendata/EEG/data/S0001/cEEG/05819da5448ed96f4176e4da8b3087a72c686c51f025dd8f9ebedfc8015a2c73_20210827_004617
Folder does not exist bdsp/opendata/EEG/data/S0001/cEEG/05819da5448ed96f4176e4da8b3087a72c686c51f025dd8f9ebedfc8015a2c73_20210827_060033
Folder does not exist bdsp/opendata/EEG/data/S0001/cEEG/05819da5448ed96f4176e4da8b3087a72c686c51f025dd8f9ebedfc8015a2c73_20210828_060036
Folder does not exist bdsp/opendata/EEG/data/S0001/cEEG/05819da5448ed96f4176e4da8b3087a72c686c51f025dd8f9ebedfc8015a2c73_20210829_060035
Folder does not exist bdsp/opendata/EEG/data/S0001/cEEG/05819da5448ed96f4176e4da8b3087a72c686c51f025dd8f9ebedfc8015a2c73_20210830_060037
Folder does not exist bdsp/opendata/EEG/data/S0001/rEEG/05819da5448ed96f4176e4da8b3087a72c686c51f025dd8f9ebedfc8015a2c73_20220102_074453
Folder does not exist bdsp/opendata/EEG/data/S0001/rEEG/05838fa46c059c2ab73c53d1c2abed7097825fc4cb9aae9fedb035b37c8ab5a7_20210324_070651
Folder does not exist bdsp/opendata/EEG/data/S0001/rEEG/0584749884bbd43718b555249a374f8a849d11354420d0784dc02012ce7f05d1_20110723_083401
Folder does not exist bdsp/opendata/EEG/data/S0001/rEEG/0584749884bbd43718b555249a374f8a849d11354420d0784dc02012ce7f05d1_20130816_101343
Folder does not exist bdsp/opendata/EEG/data/S0001/rEEG/0584749884bbd43718b555249a374f8a849d11354420d0784dc02012ce7f05d1_20130816_152448
Folder does not exist bdsp/opendata/EEG/data/S0001/rEEG/0584749884bbd43718b555249a374f8a849d11354420d0784dc02012ce7f05d1_20130816_155800
Folder does not exist bdsp/opendata/EEG/data/S0001/rEEG/0584749884bbd43718b555249a374f8a849d11354420d0784dc02012ce7f05d1_20130821_142229
Folder does not exist bdsp/opendata/EEG/data/S0001/rEEG/0584749884bbd43718b555249a374f8a849d11354420d0784dc02012ce7f05d1_20130822_105149
Folder does not exist bdsp/opendata/EEG/data/S0001/rEEG/0584749884bbd43718b555249a374f8a849d11354420d0784dc02012ce7f05d1_20130822_111519
Folder does not exist bdsp/opendata/EEG/data/S0001/rEEG/0584749884bbd43718b555249a374f8a849d11354420d0784dc02012ce7f05d1_20130822_112820
Folder does not exist bdsp/opendata/EEG/data/S0001/rEEG/0584749884bbd43718b555249a374f8a849d11354420d0784dc02012ce7f05d1_20150314_104347
Folder does not exist bdsp/opendata/EEG/data/S0001/rEEG/0584749884bbd43718b555249a374f8a849d11354420d0784dc02012ce7f05d1_20161027_120310
Folder does not exist bdsp/opendata/EEG/data/S0001/rEEG/0584749884bbd43718b555249a374f8a849d11354420d0784dc02012ce7f05d1_20180119_115043
Folder does not exist bdsp/opendata/EEG/data/S0001/rEEG/0584749884bbd43718b555249a374f8a849d11354420d0784dc02012ce7f05d1_20200314_143939
Folder does not exist bdsp/opendata/EEG/data/S0001/rEEG/0588b2c63997d6417d695e85bead3ff4e06886a80392d1c3c359987f523f1456_20160218_083710
Folder does not exist bdsp/opendata/EEG/data/S0001/cEEG/0588b2c63997d6417d695e85bead3ff4e06886a80392d1c3c359987f523f1456_20160220_082743
Folder does not exist bdsp/opendata/EEG/data/S0001/cEEG/0588b2c63997d6417d695e85bead3ff4e06886a80392d1c3c359987f523f1456_20160222_085345
Folder does not exist bdsp/opendata/EEG/data/S0001/cEEG/058adeb2bd270102431ba2de433c00422c76d53afd87e5dfb3417763705be8f8_20200320_115207
Folder does not exist bdsp/opendata/EEG/data/S0001/cEEG/058adeb2bd270102431ba2de433c00422c76d53afd87e5dfb3417763705be8f8_20200321_060031
Folder does not exist bdsp/opendata/EEG/data/S0001/rEEG/058adeb2bd270102431ba2de433c00422c76d53afd87e5dfb3417763705be8f8_20200327_085939
Folder does not exist bdsp/opendata/EEG/data/S0001/cEEG/058adeb2bd270102431ba2de433c00422c76d53afd87e5dfb3417763705be8f8_20200328_120903
Folder does not exist bdsp/opendata/EEG/data/S0001/cEEG/058adeb2bd270102431ba2de433c00422c76d53afd87e5dfb3417763705be8f8_20200329_060051
Folder does not exist bdsp/opendata/EEG/data/S0002/rEEG/058c6399469836b410dce83bda8bab6fc88158b139b1d7e6b6c94ec135349d18_20111209_115051
Folder does not exist bdsp/opendata/EEG/data/S0001/rEEG/058d0662a41d9cc547efa645ae07909af10a78dd14c05c58a96dcac0c97edbac_20141227_115115
Folder does not exist bdsp/opendata/EEG/data/S0001/cEEG/058eeb7056aba81ff9bed410669bfc117d5d09aa0ac4a2b9a72aab28722b725c_20140126_112321
Folder does not exist bdsp/opendata/EEG/data/S0001/cEEG/058eeb7056aba81ff9bed410669bfc117d5d09aa0ac4a2b9a72aab28722b725c_20140128_082919
Folder does not exist bdsp/opendata/EEG/data/S0001/cEEG/058eeb7056aba81ff9bed410669bfc117d5d09aa0ac4a2b9a72aab28722b725c_20140129_084315
Folder does not exist bdsp/opendata/EEG/data/S0001/rEEG/058eeb7056aba81ff9bed410669bfc117d5d09aa0ac4a2b9a72aab28722b725c_20140201_085539
Folder does not exist bdsp/opendata/EEG/data/S0001/cEEG/058eeb7056aba81ff9bed410669bfc117d5d09aa0ac4a2b9a72aab28722b725c_20140211_121412
Folder does not exist bdsp/opendata/EEG/data/S0001/rEEG/058eeb7056aba81ff9bed410669bfc117d5d09aa0ac4a2b9a72aab28722b725c_20140425_123903
Folder does not exist bdsp/opendata/EEG/data/S0001/cEEG/058eeb7056aba81ff9bed410669bfc117d5d09aa0ac4a2b9a72aab28722b725c_20141218_150044
Folder does not exist bdsp/opendata/EEG/data/S0001/rEEG/058eeb7056aba81ff9bed410669bfc117d5d09aa0ac4a2b9a72aab28722b725c_20200908_080725
Folder does not exist bdsp/opendata/EEG/data/S0001/rEEG/058eeb7056aba81ff9bed410669bfc117d5d09aa0ac4a2b9a72aab28722b725c_20201229_075753
Folder does not exist bdsp/opendata/EEG/data/S0001/rEEG/058eeb7056aba81ff9bed410669bfc117d5d09aa0ac4a2b9a72aab28722b725c_20220820_154845
Folder does not exist bdsp/opendata/EEG/data/S0002/rEEG/05903010e613873f1432748384160a0beb68980e475d83004f4421b2ecfec717_20190416_090734
Folder does not exist bdsp/opendata/EEG/data/S0002/cEEG/0591f81edaf650066a4203c992aaa4188434325e911ccf5fea932a4557d685cf_20120624_145608
Folder does not exist bdsp/opendata/EEG/data/S0002/rEEG/05946327f7219d73b90556effe6c51b9ee952293a2c7ac94e74bd381bd1f1d4c_20180428_130559
Folder does not exist bdsp/opendata/EEG/data/S0001/rEEG/0594b57a503cbe0910b37d539fc9ed107a2ff942d58eb36555a56f900b084398_20140207_133211
Folder does not exist bdsp/opendata/EEG/data/S0001/rEEG/0595dc3fdb8b2547fe333b608005cdd67048ba67d17e209f75af8dd3658b38b9_20130116_081608
Folder does not exist bdsp/opendata/EEG/data/S0001/cEEG/05964c40e7f9ddfdc04faa83175d9b7c4a72f853ce0c3d71c3785985ba5a2dc7_20140210_090202
Folder does not exist bdsp/opendata/EEG/data/S0001/cEEG/05964c40e7f9ddfdc04faa83175d9b7c4a72f853ce0c3d71c3785985ba5a2dc7_20140210_100106
Folder does not exist bdsp/opendata/EEG/data/S0002/rEEG/059699ef00ecd3bfec696a434a32a76ee78447c378b7a3ba421d7e7836cf6b3f_20211121_073243
Folder does not exist bdsp/opendata/EEG/data/S0002/EMU/059699ef00ecd3bfec696a434a32a76ee78447c378b7a3ba421d7e7836cf6b3f_20211206_071532
Folder does not exist bdsp/opendata/EEG/data/S0002/EMU/059699ef00ecd3bfec696a434a32a76ee78447c378b7a3ba421d7e7836cf6b3f_20211224_141949
Folder does not exist bdsp/opendata/EEG/data/S0001/rEEG/0597cbb55ae9851fe52bddfac31e48537d22477589fce03927c684d041ef81ff_20140213_082209
Folder does not exist bdsp/opendata/EEG/data/S0001/rEEG/0597cbb55ae9851fe52bddfac31e48537d22477589fce03927c684d041ef81ff_20140324_103142
Folder does not exist bdsp/opendata/EEG/data/S0001/cEEG/0597cbb55ae9851fe52bddfac31e48537d22477589fce03927c684d041ef81ff_20140429_080616
Folder does not exist bdsp/opendata/EEG/data/S0001/rEEG/0597cbb55ae9851fe52bddfac31e48537d22477589fce03927c684d041ef81ff_20180831_083803
Folder does not exist bdsp/opendata/EEG/data/S0002/cEEG/0597f24e3e9fdfced9d5b49fc7f3e99729caceacb4709cab48740da39f4b1895_20160206_073120
Folder does not exist bdsp/opendata/EEG/data/S0002/cEEG/0597f24e3e9fdfced9d5b49fc7f3e99729caceacb4709cab48740da39f4b1895_20160206_074148
Folder does not exist bdsp/opendata/EEG/data/S0001/cEEG/0597f44cdb6ea8f4f200390a91c00d3ba47d7dc17aae3cbd1f9f1f103c1b20d0_20151019_082826
Folder does not exist bdsp/opendata/EEG/data/S0001/rEEG/05981beed534a0ae1f91b405b4d2bf5c53014420476f64409d798df3307eb2ca_20130120_082444
Folder does not exist bdsp/opendata/EEG/data/S0002/cEEG/05984a398609b0b9edcbe3181c391ab1e1c6cb5ff9690be49afc7ecd9fce11fa_20181008_062312
Folder does not exist bdsp/opendata/EEG/data/S0002/cEEG/05984a398609b0b9edcbe3181c391ab1e1c6cb5ff9690be49afc7ecd9fce11fa_20181011_072449
Folder does not exist bdsp/opendata/EEG/data/S0002/cEEG/05984a398609b0b9edcbe3181c391ab1e1c6cb5ff9690be49afc7ecd9fce11fa_20181012_074530
Folder does not exist bdsp/opendata/EEG/data/S0002/cEEG/05984a398609b0b9edcbe3181c391ab1e1c6cb5ff9690be49afc7ecd9fce11fa_20181027_053809
Folder does not exist bdsp/opendata/EEG/data/S0001/rEEG/059b4aefcf54ad07c4e4a797f619995b20bcd1ca5935763c31d30bb0af14a95b_20100517_095703
Folder does not exist bdsp/opendata/EEG/data/S0002/cEEG/059c0aa1af9f8f687f9bcbcb178143335eee9233372b1bdaaf77169e8b20a4a4_20190304_140754
Folder does not exist bdsp/opendata/EEG/data/S0002/cEEG/059e057599fee509a89a201a6524eff425a7348884deac59f264e113e7bf1388_20191223_123955
Folder does not exist bdsp/opendata/EEG/data/S0002/cEEG/059e057599fee509a89a201a6524eff425a7348884deac59f264e113e7bf1388_20191224_070020
Folder does not exist bdsp/opendata/EEG/data/S0002/cEEG/059e057599fee509a89a201a6524eff425a7348884deac59f264e113e7bf1388_20191225_070014
Folder does not exist bdsp/opendata/EEG/data/S0001/cEEG/059e806afa92a89d36e801d2176c819ce2d128aa4bf6afd3bbd436bf044822f8_20200112_045830
Folder does not exist bdsp/opendata/EEG/data/S0001/cEEG/059e806afa92a89d36e801d2176c819ce2d128aa4bf6afd3bbd436bf044822f8_20200118_111838
Folder does not exist bdsp/opendata/EEG/data/S0001/rEEG/05a6774f3260021621cbf32b6112107afc512cadacae68334230ff2c5a95396b_20120510_102437
Folder does not exist bdsp/opendata/EEG/data/S0001/rEEG/05a72309dfff293409270a2ef39624ad2315a5d65d8062dca601256c6c34890e_20180804_140435
Folder does not exist bdsp/opendata/EEG/data/S0001/cEEG/05a7589ad559aba925bbaf6ba14d64189c36fa11c66d299cc52d24a6c3b53aa1_20190213_183738
Folder does not exist bdsp/opendata/EEG/data/S0001/cEEG/05a7589ad559aba925bbaf6ba14d64189c36fa11c66d299cc52d24a6c3b53aa1_20190214_082346
Folder does not exist bdsp/opendata/EEG/data/S0001/rEEG/05a7589ad559aba925bbaf6ba14d64189c36fa11c66d299cc52d24a6c3b53aa1_20190224_172144
Folder does not exist bdsp/opendata/EEG/data/S0001/rEEG/05a764b940dd9807c6505323cf7b4047f13085177b57ffa95296ea1216a1f1da_20180802_103233
Folder does not exist bdsp/opendata/EEG/data/S0002/rEEG/05a7f0e7b406229e6532da8045ae968b634e67cade093fac491b0fe99ed1b697_20170106_084707
Folder does not exist bdsp/opendata/EEG/data/S0002/rEEG/05a7f0e7b406229e6532da8045ae968b634e67cade093fac491b0fe99ed1b697_20170628_122206
Folder does not exist bdsp/opendata/EEG/data/S0002/cEEG/05a7f0e7b406229e6532da8045ae968b634e67cade093fac491b0fe99ed1b697_20170729_094917
Folder does not exist bdsp/opendata/EEG/data/S0002/rEEG/05a7f0e7b406229e6532da8045ae968b634e67cade093fac491b0fe99ed1b697_20170729_130112
Folder does not exist bdsp/opendata/EEG/data/S0001/rEEG/05a8f457c76777d8e1161ca48bab8aec0fa1241776536706a2e043ee760c04d2_20191112_114057
Folder does not exist bdsp/opendata/EEG/data/S0001/cEEG/05a95fd97d9dc5700c0c00a8a7219a12c5c12e79242aad438f9d8af0ffbe7280_20120827_135554
Folder does not exist bdsp/opendata/EEG/data/S0001/cEEG/05a95fd97d9dc5700c0c00a8a7219a12c5c12e79242aad438f9d8af0ffbe7280_20120827_151805
Folder does not exist bdsp/opendata/EEG/data/S0001/cEEG/05a95fd97d9dc5700c0c00a8a7219a12c5c12e79242aad438f9d8af0ffbe7280_20120829_172635
Folder does not exist bdsp/opendata/EEG/data/S0001/cEEG/05a95fd97d9dc5700c0c00a8a7219a12c5c12e79242aad438f9d8af0ffbe7280_20120911_140556
Folder does not exist bdsp/opendata/EEG/data/S0001/cEEG/05a95fd97d9dc5700c0c00a8a7219a12c5c12e79242aad438f9d8af0ffbe7280_20120911_150253
Folder does not exist bdsp/opendata/EEG/data/S0001/rEEG/05aa1d6efda5378e28670e1915d47c941202d3a112d92e18098d7843b85bf75f_20151014_125206
Folder does not exist bdsp/opendata/EEG/data/S0001/rEEG/05aa1d6efda5378e28670e1915d47c941202d3a112d92e18098d7843b85bf75f_20151106_115135
Folder does not exist bdsp/opendata/EEG/data/S0002/rEEG/05aabd04a2da7d17f0ee614dc912cc5f06d7a276efd17f817419bdfacf521ca2_20180831_094926
Folder does not exist bdsp/opendata/EEG/data/S0001/cEEG/05aba803ff5df777ed7ba634f7b3a79759929866bac214df1b4449be9f5b0b64_20190620_004805
Folder does not exist bdsp/opendata/EEG/data/S0002/rEEG/05ad85096e1a36e2f8cc599639503aa11dbf9c06c336d275715278a8842deaef_20110603_135747
Folder does not exist bdsp/opendata/EEG/data/S0002/rEEG/05ad862c1a7c23570bd5b6fa366e10f788dbbf025a9af8c2c8251904ad6dedc1_20130513_112429
Folder does not exist bdsp/opendata/EEG/data/S0001/cEEG/05af2d6c855535de0f189554846cf07138070892e43be5404370bda4e42fd2dc_20150706_095038
Folder does not exist bdsp/opendata/EEG/data/S0001/cEEG/05af2d6c855535de0f189554846cf07138070892e43be5404370bda4e42fd2dc_20150706_101524
Folder does not exist bdsp/opendata/EEG/data/S0001/cEEG/05af2d6c855535de0f189554846cf07138070892e43be5404370bda4e42fd2dc_20150706_130344
Folder does not exist bdsp/opendata/EEG/data/S0001/cEEG/05af2d6c855535de0f189554846cf07138070892e43be5404370bda4e42fd2dc_20150706_142107
Folder does not exist bdsp/opendata/EEG/data/S0001/cEEG/05af2d6c855535de0f189554846cf07138070892e43be5404370bda4e42fd2dc_20150707_081017
Folder does not exist bdsp/opendata/EEG/data/S0001/cEEG/05af2d6c855535de0f189554846cf07138070892e43be5404370bda4e42fd2dc_20150718_011007
Folder does not exist bdsp/opendata/EEG/data/S0002/rEEG/05b0a90d9fc5f66e75d9432fa3dd723d2d1cd505d920d7658ed69502d64e25e7_20060731_084457
Folder does not exist bdsp/opendata/EEG/data/S0001/rEEG/05b4dd608731de417cc99e00b2072ef5189bf9ae297ea061ef8756877c308a17_20210719_114034
Folder does not exist bdsp/opendata/EEG/data/S0002/rEEG/05b4ec8af7e4fd32766e496a4a3e548db578ae2d256cdfe877d3ff60722bf58a_20201014_124712
Folder does not exist bdsp/opendata/EEG/data/S0002/rEEG/05b4ec8af7e4fd32766e496a4a3e548db578ae2d256cdfe877d3ff60722bf58a_20201230_074100
Folder does not exist bdsp/opendata/EEG/data/S0001/rEEG/05b8c50e6554b215c7cafbe6933878307c7f763a612614e817290ff298fdd4bc_20130619_115701
Folder does not exist bdsp/opendata/EEG/data/S0001/rEEG/05b8c50e6554b215c7cafbe6933878307c7f763a612614e817290ff298fdd4bc_20131202_144706
Folder does not exist bdsp/opendata/EEG/data/S0001/rEEG/05b8c50e6554b215c7cafbe6933878307c7f763a612614e817290ff298fdd4bc_20181009_115043
Folder does not exist bdsp/opendata/EEG/data/S0001/rEEG/05baacb135737ada5effb0080d26fa657d4d82370fcd07c8ae59b9cd2ac403cd_20170705_100022
Folder does not exist bdsp/opendata/EEG/data/S0002/rEEG/05bab1ea4a872851d7e80170646f12bc2c9b7dc6af93e5050aad434f4345f979_20070120_102615
Folder does not exist bdsp/opendata/EEG/data/S0002/rEEG/05bab1ea4a872851d7e80170646f12bc2c9b7dc6af93e5050aad434f4345f979_20091113_100740
Folder does not exist bdsp/opendata/EEG/data/S0001/rEEG/05bae871d9f4789578be1efeafc1e5d58fe38cc6cccd784d056884d62a799007_20101114_103549
Folder does not exist bdsp/opendata/EEG/data/S0001/cEEG/05bbbe144211df1679afd8aec2dedff1c99f1f0d164e5196e0630c868d2760f7_20120503_125703
Folder does not exist bdsp/opendata/EEG/data/S0001/rEEG/05bc1496c87da95d0821af313f0b357ada9725fbc9f946b10151301376b08fc4_20120101_153847
Folder does not exist bdsp/opendata/EEG/data/S0002/rEEG/05bc1f0c74a03ddab3971cac0a9625d558e16765b68950398cab2ec5f86205e2_20191226_081632
Folder does not exist bdsp/opendata/EEG/data/S0001/rEEG/05bcddc44a0c7ae3f4bd70c0d3d9d863f303caa4b1c15cc2f16ba94d886d1f35_20180425_074313
Folder does not exist bdsp/opendata/EEG/data/S0002/rEEG/05bd6e3a988804854af5f963fae443d1799120076a6e82510bdc2efbf446324d_20130512_084535
Folder does not exist bdsp/opendata/EEG/data/S0002/EMU/05bdde1269ec937a0383eb8c6c55e567392726ab4b073ab282254f0e94f23842_20131216_165318
Folder does not exist bdsp/opendata/EEG/data/S0002/EMU/05bdde1269ec937a0383eb8c6c55e567392726ab4b073ab282254f0e94f23842_20131217_083206
Folder does not exist bdsp/opendata/EEG/data/S0002/EMU/05bdde1269ec937a0383eb8c6c55e567392726ab4b073ab282254f0e94f23842_20131218_061902
Folder does not exist bdsp/opendata/EEG/data/S0002/EMU/05bdde1269ec937a0383eb8c6c55e567392726ab4b073ab282254f0e94f23842_20131219_084007
Folder does not exist bdsp/opendata/EEG/data/S0002/EMU/05bdde1269ec937a0383eb8c6c55e567392726ab4b073ab282254f0e94f23842_20140101_125052
Folder does not exist bdsp/opendata/EEG/data/S0002/EMU/05bdde1269ec937a0383eb8c6c55e567392726ab4b073ab282254f0e94f23842_20140101_133847
Folder does not exist bdsp/opendata/EEG/data/S0002/EMU/05bdde1269ec937a0383eb8c6c55e567392726ab4b073ab282254f0e94f23842_20140101_134111
Folder does not exist bdsp/opendata/EEG/data/S0002/EMU/05bdde1269ec937a0383eb8c6c55e567392726ab4b073ab282254f0e94f23842_20140101_134445
Folder does not exist bdsp/opendata/EEG/data/S0001/rEEG/05bdf2230413b6a4e02c603704d72439631db100e126430d4feb96f19ff28e85_20220605_193158
Folder does not exist bdsp/opendata/EEG/data/S0002/rEEG/05be681be54c70bc94dbf698234f3f02003860c28ad7004203fc224871ecece4_20180216_165942
Folder does not exist bdsp/opendata/EEG/data/S0001/rEEG/05be681be54c70bc94dbf698234f3f02003860c28ad7004203fc224871ecece4_20190913_091057
Folder does not exist bdsp/opendata/EEG/data/S0001/cEEG/05be681be54c70bc94dbf698234f3f02003860c28ad7004203fc224871ecece4_20190914_060040
Folder does not exist bdsp/opendata/EEG/data/S0001/rEEG/05c05ac11d5a1cd850f87f63b18facd9d72b144d646aff4d47186bc572ed1599_20130501_121711
Folder does not exist bdsp/opendata/EEG/data/S0002/EEG/05c180a7ae71c039212598bc49615b7537d2de24bcb78d5a3921db3a65b4cb48_20191229_102047
Folder does not exist bdsp/opendata/EEG/data/S0001/cEEG/05c2154a14e5060d7442a5305be73fd72d6d0c095f489c7508c6b2aba8f23211_20210506_130646
Folder does not exist bdsp/opendata/EEG/data/S0001/cEEG/05c2154a14e5060d7442a5305be73fd72d6d0c095f489c7508c6b2aba8f23211_20210507_060039
Folder does not exist bdsp/opendata/EEG/data/S0001/cEEG/05c2154a14e5060d7442a5305be73fd72d6d0c095f489c7508c6b2aba8f23211_20210508_060046
Folder does not exist bdsp/opendata/EEG/data/S0001/rEEG/05c2adffe659f699c93bcf4d3d8b75dae55c3b154936bf84c8da226b2f1473a6_20141007_124323
Folder does not exist bdsp/opendata/EEG/data/S0001/rEEG/05c2adffe659f699c93bcf4d3d8b75dae55c3b154936bf84c8da226b2f1473a6_20141008_163244
Folder does not exist bdsp/opendata/EEG/data/S0001/rEEG/05c33020323c65da54efcec626defe80d912e935012c6eb5c575b0ec190d3a27_20191004_110855
Folder does not exist bdsp/opendata/EEG/data/S0002/EEG/05c399f45169cfdc989d32650bac30f88c8bfbf704724cc34b79b01509eb553d_20150620_121739
Folder does not exist bdsp/opendata/EEG/data/S0002/cEEG/05c399f45169cfdc989d32650bac30f88c8bfbf704724cc34b79b01509eb553d_20150920_142442
Folder does not exist bdsp/opendata/EEG/data/S0002/cEEG/05c399f45169cfdc989d32650bac30f88c8bfbf704724cc34b79b01509eb553d_20150920_142639
Folder does not exist bdsp/opendata/EEG/data/S0002/cEEG/05c399f45169cfdc989d32650bac30f88c8bfbf704724cc34b79b01509eb553d_20150920_142931
Folder does not exist bdsp/opendata/EEG/data/S0001/rEEG/05c554b835f97165d91a05cda945d85bacc0970df89d7716b498332d67f07508_20170410_114623
Folder does not exist bdsp/opendata/EEG/data/S0001/cEEG/05c72c92d994b5ab859860d3a0bb10928c06d00afa61496c400a1f1c45e42b54_20190715_113332
Folder does not exist bdsp/opendata/EEG/data/S0001/rEEG/05c72c92d994b5ab859860d3a0bb10928c06d00afa61496c400a1f1c45e42b54_20201008_171054
Folder does not exist bdsp/opendata/EEG/data/S0001/cEEG/05c7418e1611d6126740c9309d2373c20ff5b22372f51288ccf069a439c6f952_20221016_073628
Folder does not exist bdsp/opendata/EEG/data/S0001/cEEG/05c7418e1611d6126740c9309d2373c20ff5b22372f51288ccf069a439c6f952_20221017_060047
Folder does not exist bdsp/opendata/EEG/data/S0001/rEEG/05c9f71e84455306cc623e086da87b73aecec025a5e72c0e1c8b78afbcb2b98b_20130622_101958
Folder does not exist bdsp/opendata/EEG/data/S0002/rEEG/05caca327474e8247d8b7c61e8a80f8fc574e487e26ad042cd6f97a2bca7e017_20150203_094832
Folder does not exist bdsp/opendata/EEG/data/S0001/cEEG/05cd0a1b75702cb8540b805a4bb1d294b83766eeb03c699d9d7680056609c89a_20181209_164658
Folder does not exist bdsp/opendata/EEG/data/S0001/cEEG/05cd0a1b75702cb8540b805a4bb1d294b83766eeb03c699d9d7680056609c89a_20181213_085004
Folder does not exist bdsp/opendata/EEG/data/S0002/rEEG/05cd3fb1ebfccaa61e3c999f8d9fdaa3f46ed53cca555330239c5abc11aef638_20201217_120737
Folder does not exist bdsp/opendata/EEG/data/S0001/rEEG/05ce70c6c0689e22028e70d56c619f8b4289ff0689f69a4f2e28b58587532a17_20100526_144549
Folder does not exist bdsp/opendata/EEG/data/S0002/cEEG/05cf0b3984033c05c48e5ca53053483d4a1bc56872fbb1e2be8ceda160a3026f_20200106_060747
Folder does not exist bdsp/opendata/EEG/data/S0002/cEEG/05cf0b3984033c05c48e5ca53053483d4a1bc56872fbb1e2be8ceda160a3026f_20200125_151549
Folder does not exist bdsp/opendata/EEG/data/S0001/rEEG/05d0969dacec6fe66ebd66b9fb55b93c1d808ef591c61c3bef4df908bbaed555_20170415_080007
Folder does not exist bdsp/opendata/EEG/data/S0001/rEEG/05d0ecff7f58346b191a65fe94a7089a2b2afe75780a2c4d9249ede8086177b4_20170306_075100
Folder does not exist bdsp/opendata/EEG/data/S0001/rEEG/05d15816e6bf4c2a3c67091f728175d4471611b50db23639bb3ef822d1cf1f4a_20121210_082536
Folder does not exist bdsp/opendata/EEG/data/S0001/rEEG/05d1ca62b0c69f0f5b6332c9cc690b3f6ceb292078125c6a662aeebb9fb47a77_20200627_100650
Folder does not exist bdsp/opendata/EEG/data/S0002/cEEG/05d350863ccd5c8afce16bffdf69f4bf717bd80d85ab8b3fa8821681c3a8952f_20171119_133126
Folder does not exist bdsp/opendata/EEG/data/S0002/cEEG/05d350863ccd5c8afce16bffdf69f4bf717bd80d85ab8b3fa8821681c3a8952f_20171120_062923
Folder does not exist bdsp/opendata/EEG/data/S0002/cEEG/05d350863ccd5c8afce16bffdf69f4bf717bd80d85ab8b3fa8821681c3a8952f_20171120_160029
Folder does not exist bdsp/opendata/EEG/data/S0002/cEEG/05d350863ccd5c8afce16bffdf69f4bf717bd80d85ab8b3fa8821681c3a8952f_20171121_072223
Folder does not exist bdsp/opendata/EEG/data/S0002/cEEG/05d350863ccd5c8afce16bffdf69f4bf717bd80d85ab8b3fa8821681c3a8952f_20171121_113524
